Component: ARM Compiler 5.06 update 5 (build 528) Tool: armlink [4d35e2]

==============================================================================

Section Cross References

    main.o(.text) refers to _printf_pad.o(.text) for _printf_pre_padding
    main.o(.text) refers to _printf_percent.o(.ARM.Collect$$_printf_percent$$00000000) for _printf_percent
    main.o(.text) refers to _printf_u.o(.ARM.Collect$$_printf_percent$$0000000A) for _printf_u
    main.o(.text) refers to _printf_dec.o(.text) for _printf_int_dec
    main.o(.text) refers to _printf_s.o(.ARM.Collect$$_printf_percent$$00000014) for _printf_s
    main.o(.text) refers to _printf_str.o(.text) for _printf_str
    main.o(.text) refers to vsprintf.o(.text) for vsprintf
    main.o(.text) refers to lcd.o(.text) for LCD_ShowString
    main.o(.text) refers to rt_memclr.o(.text) for __aeabi_memclr
    main.o(.text) refers to rc522.o(.text) for PcdWrite
    main.o(.text) refers to __2sprintf.o(.text) for __2sprintf
    main.o(.text) refers to main.o(.data) for stage
    main.o(.text) refers to lcd.o(.data) for POINT_COLOR
    main.o(.text) refers to touch.o(.data) for tp_dev
    main.o(.text) refers to delay.o(.text) for delay_ms
    main.o(.text) refers to strncmp.o(.text) for strncmp
    main.o(.text) refers to lock.o(.text) for Buzzer_flash
    main.o(.text) refers to strcpy.o(.text) for strcpy
    main.o(.text) refers to misc.o(.text) for NVIC_PriorityGroupConfig
    main.o(.text) refers to usart.o(.text) for uart_init
    main.o(.text) refers to sw.o(.text) for sw_init
    main.o(.text) refers to rc522.o(.data) for SN
    main.o(.text) refers to main.o(.bss) for buf
    main.o(.data) refers to main.o(.conststring) for .conststring
    system_stm32f10x.o(.text) refers to system_stm32f10x.o(.data) for SystemCoreClock
    rc522.o(.text) refers to _printf_percent.o(.ARM.Collect$$_printf_percent$$00000000) for _printf_percent
    rc522.o(.text) refers to _printf_s.o(.ARM.Collect$$_printf_percent$$00000014) for _printf_s
    rc522.o(.text) refers to _printf_str.o(.text) for _printf_str
    rc522.o(.text) refers to stm32f10x_gpio.o(.text) for GPIO_SetBits
    rc522.o(.text) refers to delay.o(.text) for delay_us
    rc522.o(.text) refers to __2printf.o(.text) for __2printf
    rc522.o(.text) refers to stm32f10x_rcc.o(.text) for RCC_APB2PeriphClockCmd
    rc522.o(.text) refers to rc522.o(.data) for CT
    rc522.o(.text) refers to rc522.o(.bss) for RFID
    rc522.o(.text) refers to rt_memcpy_v6.o(.text) for __aeabi_memcpy
    lcd.o(.text) refers to _printf_percent.o(.ARM.Collect$$_printf_percent$$00000000) for _printf_percent
    lcd.o(.text) refers to _printf_x.o(.ARM.Collect$$_printf_percent$$0000000C) for _printf_x
    lcd.o(.text) refers to _printf_hex_int_ll_ptr.o(.text) for _printf_longlong_hex
    lcd.o(.text) refers to delay.o(.text) for delay_us
    lcd.o(.text) refers to lcd.o(.bss) for lcddev
    lcd.o(.text) refers to lcd.o(.data) for POINT_COLOR
    lcd.o(.text) refers to dflt_clz.o(x$fpl$dfltu) for __aeabi_ui2d
    lcd.o(.text) refers to dmul.o(x$fpl$dmul) for __aeabi_dmul
    lcd.o(.text) refers to dfixu.o(x$fpl$dfixu) for __aeabi_d2uiz
    lcd.o(.text) refers to stm32f10x_rcc.o(.text) for RCC_AHBPeriphClockCmd
    lcd.o(.text) refers to stm32f10x_gpio.o(.text) for GPIO_Init
    lcd.o(.text) refers to stm32f10x_fsmc.o(.text) for FSMC_NORSRAMInit
    lcd.o(.text) refers to __2printf.o(.text) for __2printf
    lcd.o(.text) refers to lcd.o(.constdata) for asc2_1206
    lock.o(.text) refers to delay.o(.text) for delay_ms
    lock.o(.text) refers to stm32f10x_gpio.o(.text) for GPIO_ResetBits
    lock.o(.text) refers to stm32f10x_rcc.o(.text) for RCC_APB2PeriphClockCmd
    lock.o(.text) refers to lock.o(.data) for lock_flag
    sw.o(.text) refers to stm32f10x_rcc.o(.text) for RCC_APB2PeriphClockCmd
    sw.o(.text) refers to stm32f10x_gpio.o(.text) for GPIO_Init
    ctiic.o(.text) refers to delay.o(.text) for delay_us
    ctiic.o(.text) refers to stm32f10x_rcc.o(.text) for RCC_APB2PeriphClockCmd
    ctiic.o(.text) refers to stm32f10x_gpio.o(.text) for GPIO_Init
    ft5206.o(.text) refers to _printf_percent.o(.ARM.Collect$$_printf_percent$$00000000) for _printf_percent
    ft5206.o(.text) refers to _printf_x.o(.ARM.Collect$$_printf_percent$$0000000C) for _printf_x
    ft5206.o(.text) refers to _printf_hex_int_ll_ptr.o(.text) for _printf_longlong_hex
    ft5206.o(.text) refers to ctiic.o(.text) for CT_IIC_Start
    ft5206.o(.text) refers to stm32f10x_rcc.o(.text) for RCC_APB2PeriphClockCmd
    ft5206.o(.text) refers to stm32f10x_gpio.o(.text) for GPIO_Init
    ft5206.o(.text) refers to delay.o(.text) for delay_ms
    ft5206.o(.text) refers to __2printf.o(.text) for __2printf
    ft5206.o(.text) refers to ft5206.o(.data) for t
    ft5206.o(.text) refers to touch.o(.data) for tp_dev
    ft5206.o(.text) refers to ft5206.o(.constdata) for FT5206_TPX_TBL
[...]
    __Vectors                                0x08000000   Data           4  startup_stm32f10x_hd.o(RESET)
    __Vectors_End                            0x08000130   Data           0  startup_stm32f10x_hd.o(RESET)
    __main                                   0x08000131   Thumb Code     8  __main.o(!!!main)
    __scatterload                            0x08000139   Thumb Code     0  __scatter.o(!!!scatter)
    __scatterload_rt2                        0x08000139   Thumb Code    44  __scatter.o(!!!scatter)
    __scatterload_rt2_thumb_only             0x08000139   Thumb Code     0  __scatter.o(!!!scatter)
    __scatterload_null                       0x08000147   Thumb Code     0  __scatter.o(!!!scatter)
    __scatterload_copy                       0x0800016d   Thumb Code    26  __scatter_copy.o(!!handler_copy)
    __scatterload_zeroinit                   0x08000189   Thumb Code    28  __scatter_zi.o(!!handler_zi)
    _printf_n                                0x080001a5   Thumb Code     0  _printf_n.o(.ARM.Collect$$_printf_percent$$00000001)
    _printf_percent                          0x080001a5   Thumb Code     0  _printf_percent.o(.ARM.Collect$$_printf_percent$$00000000)
    _printf_p                                0x080001ab   Thumb Code     0  _printf_p.o(.ARM.Collect$$_printf_percent$$00000002)
    _printf_f                                0x080001b1   Thumb Code     0  _printf_f.o(.ARM.Collect$$_printf_percent$$00000003)
    _printf_e                                0x080001b7   Thumb Code     0  _printf_e.o(.ARM.Collect$$_printf_percent$$00000004)
    _printf_g                                0x080001bd   Thumb Code     0  _printf_g.o(.ARM.Collect$$_printf_percent$$00000005)
    _printf_a                                0x080001c3   Thumb Code     0  _printf_a.o(.ARM.Collect$$_printf_percent$$00000006)
    _printf_ll                               0x080001c9   Thumb Code     0  _printf_ll.o(.ARM.Collect$$_printf_percent$$00000007)
    _printf_i                                0x080001d3   Thumb Code     0  _printf_i.o(.ARM.Collect$$_printf_percent$$00000008)
    _printf_d                                0x080001d9   Thumb Code     0  _printf_d.o(.ARM.Collect$$_printf_percent$$00000009)
    _printf_u                                0x080001df   Thumb Code     0  _printf_u.o(.ARM.Collect$$_printf_percent$$0000000A)
    _printf_o                                0x080001e5   Thumb Code     0  _printf_o.o(.ARM.Collect$$_printf_percent$$0000000B)
    _printf_x                                0x080001eb   Thumb Code     0  _printf_x.o(.ARM.Collect$$_printf_percent$$0000000C)
    _printf_lli                              0x080001f1   Thumb Code     0  _printf_lli.o(.ARM.Collect$$_printf_percent$$0000000D)
    _printf_lld                              0x080001f7   Thumb Code     0  _printf_lld.o(.ARM.Collect$$_printf_percent$$0000000E)
    _printf_llu                              0x080001fd   Thumb Code     0  _printf_llu.o(.ARM.Collect$$_printf_percent$$0000000F)
    _printf_llo                              0x08000203   Thumb Code     0  _printf_llo.o(.ARM.Collect$$_printf_percent$$00000010)
    _printf_llx                              0x08000209   Thumb Code     0  _printf_llx.o(.ARM.Collect$$_printf_percent$$00000011)
    _printf_l                                0x0800020f   Thumb Code     0  _printf_l.o(.ARM.Collect$$_printf_percent$$00000012)
    _printf_c                                0x08000219   Thumb Code     0  _printf_c.o(.ARM.Collect$$_printf_percent$$00000013)
    _printf_s                                0x0800021f   Thumb Code     0  _printf_s.o(.ARM.Collect$$_printf_percent$$00000014)
    _printf_lc                               0x08000225   Thumb Code     0  _printf_lc.o(.ARM.Collect$$_printf_percent$$00000015)
    _printf_ls                               0x0800022b   Thumb Code     0  _printf_ls.o(.ARM.Collect$$_printf_percent$$00000016)
    _printf_percent_end                      0x08000231   Thumb Code     0  _printf_percent_end.o(.ARM.Collect$$_printf_percent$$00000017)
    __rt_lib_init                            0x08000235   Thumb Code     0  libinit.o(.ARM.Collect$$libinit$$00000000)
    __rt_lib_init_fp_1                       0x08000237   Thumb Code     0  libinit2.o(.ARM.Collect$$libinit$$00000002)
    __rt_lib_init_heap_1                     0x08000237   Thumb Code     0  libinit2.o(.ARM.Collect$$libinit$$0000000A)
    __rt_lib_init_lc_common                  0x08000237   Thumb Code     0  libinit2.o(.ARM.Collect$$libinit$$0000000F)
    __rt_lib_init_preinit_1                  0x08000237   Thumb Code     0  libinit2.o(.ARM.Collect$$libinit$$00000004)
    __rt_lib_init_rand_1                     0x08000237   Thumb Code     0  libinit2.o(.ARM.Collect$$libinit$$0000000E)
    __rt_lib_init_user_alloc_1               0x08000237   Thumb Code     0  libinit2.o(.ARM.Collect$$libinit$$0000000C)
    __rt_lib_init_lc_collate_1               0x0800023d   Thumb Code     0  libinit2.o(.ARM.Collect$$libinit$$00000011)
    __rt_lib_init_lc_ctype_2                 0x0800023d   Thumb Code     0  libinit2.o(.ARM.Collect$$libinit$$00000012)
    __rt_lib_init_lc_ctype_1                 0x08000249   Thumb Code     0  libinit2.o(.ARM.Collect$$libinit$$00000013)
    __rt_lib_init_lc_monetary_1              0x08000249   Thumb Code     0  libinit2.o(.ARM.Collect$$libinit$$00000015)
    __rt_lib_init_lc_numeric_2               0x08000249   Thumb Code     0  libinit2.o(.ARM.Collect$$libinit$$00000016)
    __rt_lib_init_alloca_1                   0x08000253   Thumb Code     0  libinit2.o(.ARM.Collect$$libinit$$0000002E)
    __rt_lib_init_argv_1                     0x08000253   Thumb Code     0  libinit2.o(.ARM.Collect$$libinit$$0000002C)
    __rt_lib_init_atexit_1                   0x08000253   Thumb Code     0  libinit2.o(.ARM.Collect$$libinit$$0000001B)
    __rt_lib_init_clock_1                    0x08000253   Thumb Code     0  libinit2.o(.ARM.Collect$$libinit$$00000021)
    __rt_lib_init_cpp_1                      0x08000253   Thumb Code     0  libinit2.o(.ARM.Collect$$libinit$$00000032)
    __rt_lib_init_exceptions_1               0x08000253   Thumb Code     0  libinit2.o(.ARM.Collect$$libinit$$00000030)
    __rt_lib_init_fp_trap_1                  0x08000253   Thumb Code     0  libinit2.o(.ARM.Collect$$libinit$$0000001F)
    __rt_lib_init_getenv_1                   0x08000253   Thumb Code     0  libinit2.o(.ARM.Collect$$libinit$$00000023)
    __rt_lib_init_lc_numeric_1               0x08000253   Thumb Code     0  libinit2.o(.ARM.Collect$$libinit$$00000017)
    __rt_lib_init_lc_time_1                  0x08000253   Thumb Code     0  libinit2.o(.ARM.Collect$$libinit$$00000019)
    __rt_lib_init_return                     0x08000253   Thumb Code     0  libinit2.o(.ARM.Collect$$libinit$$00000033)
    __rt_lib_init_signal_1                   0x08000253   Thumb Code     0  libinit2.o(.ARM.Collect$$libinit$$0000001D)
    __rt_lib_init_stdio_1                    0x08000253   Thumb Code     0  libinit2.o(.ARM.Collect$$libinit$$00000025)
    __rt_lib_shutdown                        0x08000255   Thumb Code     0  libshutdown.o(.ARM.Collect$$libshutdown$$00000000)
    __rt_lib_shutdown_cpp_1                  0x08000257   Thumb Code     0  libshutdown2.o(.ARM.Collect$$libshutdown$$00000002)
    __rt_lib_shutdown_fp_trap_1              0x08000257   Thumb Code     0  libshutdown2.o(.ARM.Collect$$libshutdown$$00000007)
    __rt_lib_shutdown_heap_1                 0x08000257   Thumb Code     0  libshutdown2.o(.ARM.Collect$$libshutdown$$0000000F)
    __rt_lib_shutdown_return                 0x08000257   Thumb Code     0  libshutdown2.o(.ARM.Collect$$libshutdown$$00000010)
    __rt_lib_shutdown_signal_1               0x08000257   Thumb Code     0  libshutdown2.o(.ARM.Collect$$libshutdown$$0000000A)
    __rt_lib_shutdown_stdio_1                0x08000257   Thumb Code     0  libshutdown2.o(.ARM.Collect$$libshutdown$$00000004)
    __rt_lib_shutdown_user_alloc_1           0x08000257   Thumb Code     0  libshutdown2.o(.ARM.Collect$$libshutdown$$0000000C)
    __rt_entry                               0x08000259   Thumb Code     0  __rtentry.o(.ARM.Collect$$rtentry$$00000000)
    __rt_entry_presh_1                       0x08000259   Thumb Code     0  __rtentry2.o(.ARM.Collect$$rtentry$$00000002)
    __rt_entry_sh                            0x08000259   Thumb Code     0  __rtentry4.o(.ARM.Collect$$rtentry$$00000004)
    __rt_entry_li                            0x0800025f   Thumb Code     0  __rtentry2.o(.ARM.Collect$$rtentry$$0000000A)
    __rt_entry_postsh_1                      0x0800025f   Thumb Code     0  __rtentry2.o(.ARM.Collect$$rtentry$$00000009)
    __rt_entry_main                          0x08000263   Thumb Code     0  __rtentry2.o(.ARM.Collect$$rtentry$$0000000D)
    __rt_entry_postli_1                      0x08000263   Thumb Code     0  __rtentry2.o(.ARM.Collect$$rtentry$$0000000C)
    __rt_exit                                0x0800026b   Thumb Code     0  rtexit.o(.ARM.Collect$$rtexit$$00000000)
    __rt_exit_ls                             0x0800026d   Thumb Code     0  rtexit2.o(.ARM.Collect$$rtexit$$00000003)
    __rt_exit_prels_1                        0x0800026d   Thumb Code     0  rtexit2.o(.ARM.Collect$$rtexit$$00000002)
    __rt_exit_exit                           0x08000271   Thumb Code     0  rtexit2.o(.ARM.Collect$$rtexit$$00000004)
    set_money                                0x080002d5   Thumb Code    52  main.o(.text)
    purchase_add                             0x08000775   Thumb Code   284  main.o(.text)
    open_door                                0x080008ab   Thumb Code   100  main.o(.text)
    Initializer                              0x0800090f   Thumb Code    58  main.o(.text)
    main                                     0x08000949   Thumb Code   316  main.o(.text)
    NMI_Handler                              0x08000d69   Thumb Code     2  stm32f10x_it.o(.text)
    HardFault_Handler                        0x08000d6b   Thumb Code     4  stm32f10x_it.o(.text)
    MemManage_Handler                        0x08000d6f   Thumb Code     4  stm32f10x_it.o(.text)
    BusFault_Handler                         0x08000d73   Thumb Code     4  stm32f10x_it.o(.text)
    UsageFault_Handler                       0x08000d77   Thumb Code     4  stm32f10x_it.o(.text)
    SVC_Handler                              0x08000d7b   Thumb Code     2  stm32f10x_it.o(.text)
    DebugMon_Handler                         0x08000d7d   Thumb Code     2  stm32f10x_it.o(.text)
    PendSV_Handler                           0x08000d7f   Thumb Code     2  stm32f10x_it.o(.text)
    SysTick_Handler                          0x08000d81   Thumb Code     2  stm32f10x_it.o(.text)
    SystemInit                               0x08000e63   Thumb Code    78  system_stm32f10x.o(.text)
    SystemCoreClockUpdate                    0x08000eb1   Thumb Code   142  system_stm32f10x.o(.text)
    SPI_RC522_SendByte                       0x08000f65   Thumb Code    80  rc522.o(.text)
    WriteRawRC                               0x08000fb5   Thumb Code    42  rc522.o(.text)
    SPI_RC522_ReadByte                       0x08000fdf   Thumb Code    72  rc522.o(.text)
    ReadRawRC                                0x08001027   Thumb Code    46  rc522.o(.text)
    SetBitMask                               0x08001055   Thumb Code    26  rc522.o(.text)
    ClearBitMask                             0x0800106f   Thumb Code    26  rc522.o(.text)
    PcdComMF522                              0x08001089   Thumb Code   306  rc522.o(.text)
    CalulateCRC                              0x080011bb   Thumb Code   108  rc522.o(.text)
    PcdRead                                  0x08001227   Thumb Code    84  rc522.o(.text)
    PcdAuthState                             0x0800127b   Thumb Code   110  rc522.o(.text)
    PcdSelect                                0x080012e9   Thumb Code   120  rc522.o(.text)
    ShowID                                   0x08001361   Thumb Code   170  rc522.o(.text)
    PcdAnticoll                              0x0800140b   Thumb Code   112  rc522.o(.text)
    PcdRequest                               0x0800147b   Thumb Code    84  rc522.o(.text)
    RC522_Handel                             0x080014cf   Thumb Code   442  rc522.o(.text)
    PcdAntennaOn                             0x08001689   Thumb Code    26  rc522.o(.text)
    M500PcdConfigISOType                     0x080016a3   Thumb Code    84  rc522.o(.text)
    PcdReset                                 0x080016f7   Thumb Code   124  rc522.o(.text)
    SPI1_Init                                0x08001773   Thumb Code   348  rc522.o(.text)
    RC522_Init                               0x080018cf   Thumb Code    34  rc522.o(.text)
    PcdAntennaOff                            0x080018f1   Thumb Code    12  rc522.o(.text)
    PcdWrite                                 0x080018fd   Thumb Code   156  rc522.o(.text)
    PcdHalt                                  0x08001999   Thumb Code    50  rc522.o(.text)
    IC_CMT                                   0x080019cb   Thumb Code    72  rc522.o(.text)
    LCD_WR_REG                               0x08001a1d   Thumb Code     6  lcd.o(.text)
    LCD_WR_DATA                              0x08001a23   Thumb Code     8  lcd.o(.text)
    LCD_RD_DATA                              0x08001a2b   Thumb Code    16  lcd.o(.text)
    LCD_WriteReg                             0x08001a3b   Thumb Code    10  lcd.o(.text)
    LCD_ReadReg                              0x08001a45   Thumb Code    22  lcd.o(.text)
    LCD_WriteRAM_Prepare                     0x08001a5b   Thumb Code    10  lcd.o(.text)
    LCD_WriteRAM                             0x08001a65   Thumb Code     8  lcd.o(.text)
    LCD_BGR2RGB                              0x08001a6d   Thumb Code    26  lcd.o(.text)
    opt_delay                                0x08001a87   Thumb Code    14  lcd.o(.text)
    LCD_SetCursor                            0x08001a95   Thumb Code   418  lcd.o(.text)
    LCD_ReadPoint                            0x08001c37   Thumb Code   360  lcd.o(.text)
    LCD_DisplayOn                            0x08001d9f   Thumb Code   102  lcd.o(.text)
    LCD_DisplayOff                           0x08001e05   Thumb Code    90  lcd.o(.text)
    LCD_Scan_Dir                             0x08001e5f   Thumb Code   744  lcd.o(.text)
    LCD_DrawPoint                            0x08002147   Thumb Code    28  lcd.o(.text)
    LCD_Fast_DrawPoint                       0x08002163   Thumb Code   384  lcd.o(.text)
    LCD_SSD_BackLightSet                     0x080022e3   Thumb Code    80  lcd.o(.text)
    LCD_Display_Dir                          0x08002333   Thumb Code   444  lcd.o(.text)
    LCD_Set_Window                           0x080024ef   Thumb Code   540  lcd.o(.text)
    LCD_Clear                                0x0800270b   Thumb Code   100  lcd.o(.text)
    LCD_Init                                 0x0800276f   Thumb Code 14190  lcd.o(.text)
    LCD_Fill                                 0x08005edd   Thumb Code   178  lcd.o(.text)
    LCD_Color_Fill                           0x08005f8f   Thumb Code   106  lcd.o(.text)
    LCD_DrawLine                             0x08005ff9   Thumb Code   176  lcd.o(.text)
    LCD_DrawRectangle                        0x080060a9   Thumb Code    60  lcd.o(.text)
    LCD_Draw_Circle                          0x080060e5   Thumb Code   152  lcd.o(.text)
    LCD_ShowChar                             0x0800617d   Thumb Code   272  lcd.o(.text)
    LCD_Pow                                  0x0800628d   Thumb Code    22  lcd.o(.text)
    LCD_ShowNum                              0x080062a3   Thumb Code   148  lcd.o(.text)
    LCD_ShowxNum                             0x08006337   Thumb Code   220  lcd.o(.text)
    LCD_ShowString                           0x08006413   Thumb Code   102  lcd.o(.text)
    lock_lock                                0x08006485   Thumb Code    18  lock.o(.text)
    lock_init                                0x08006497   Thumb Code    34  lock.o(.text)
    lock_unlock                              0x080064b9   Thumb Code    18  lock.o(.text)
    lock_islock                              0x080064cb   Thumb Code     6  lock.o(.text)
    Buzzer_Init                              0x080064d1   Thumb Code    50  lock.o(.text)
    Buzzer_on                                0x08006503   Thumb Code    20  lock.o(.text)
    Buzzer_flash                             0x08006517   Thumb Code    22  lock.o(.text)
    sw_init                                  0x0800653d   Thumb Code    38  sw.o(.text)
    sw_check                                 0x08006563   Thumb Code    20  sw.o(.text)
    CT_Delay                                 0x0800657d   Thumb Code    10  ctiic.o(.text)
    CT_IIC_Init                              0x08006587   Thumb Code    72  ctiic.o(.text)
    CT_IIC_Start                             0x080065cf   Thumb Code    66  ctiic.o(.text)
    CT_IIC_Stop                              0x08006611   Thumb Code    60  ctiic.o(.text)
    CT_IIC_Wait_Ack                          0x0800664d   Thumb Code    86  ctiic.o(.text)
    CT_IIC_Ack                               0x080066a3   Thumb Code    70  ctiic.o(.text)
    CT_IIC_NAck                              0x080066e9   Thumb Code    70  ctiic.o(.text)
    CT_IIC_Send_Byte                         0x0800672f   Thumb Code    86  ctiic.o(.text)
    CT_IIC_Read_Byte                         0x08006785   Thumb Code   100  ctiic.o(.text)
    FT5206_WR_Reg                            0x08006801   Thumb Code    82  ft5206.o(.text)
    FT5206_RD_Reg                            0x08006853   Thumb Code    88  ft5206.o(.text)
    FT5206_Init                              0x080068ab   Thumb Code   216  ft5206.o(.text)
    FT5206_Scan                              0x08006983   Thumb Code   400  ft5206.o(.text)
    GT9147_WR_Reg                            0x08006b39   Thumb Code    92  gt9147.o(.text)
    GT9147_Send_Cfg                          0x08006b95   Thumb Code    86  gt9147.o(.text)
    GT9147_RD_Reg                            0x08006beb   Thumb Code    98  gt9147.o(.text)
    GT9147_Init                              0x08006c4d   Thumb Code   268  gt9147.o(.text)
    GT9147_Scan                              0x08006d59   Thumb Code   494  gt9147.o(.text)
    OTT2001A_WR_Reg                          0x08006f91   Thumb Code    92  ott2001a.o(.text)
    OTT2001A_RD_Reg                          0x08006fed   Thumb Code    98  ott2001a.o(.text)
    OTT2001A_SensorControl                   0x0800704f   Thumb Code    28  ott2001a.o(.text)
    OTT2001A_Init                            0x0800706b   Thumb Code   156  ott2001a.o(.text)
    OTT2001A_Scan                            0x08007107   Thumb Code   446  ott2001a.o(.text)
    TP_Write_Byte                            0x080072fd   Thumb Code    64  touch.o(.text)
    TP_Read_AD                               0x0800733d   Thumb Code   136  touch.o(.text)
    TP_Read_XOY                              0x080073c5   Thumb Code   120  touch.o(.text)
    TP_Read_XY                               0x0800743d   Thumb Code    38  touch.o(.text)
    TP_Read_XY2                              0x08007463   Thumb Code   192  touch.o(.text)
    TP_Drow_Touch_Point                      0x08007523   Thumb Code   108  touch.o(.text)
    TP_Draw_Big_Point                        0x0800758f   Thumb Code    54  touch.o(.text)
    TP_Scan                                  0x080075c5   Thumb Code   264  touch.o(.text)
    TP_Save_Adjdata                          0x080076cd   Thumb Code    24  touch.o(.text)
    TP_Get_Adjdata                           0x080076e5   Thumb Code   104  touch.o(.text)
    TP_Adj_Info_Show                         0x0800774d   Thumb Code   374  touch.o(.text)
    TP_Adjust                                0x080078c3   Thumb Code  2128  touch.o(.text)
    TP_Init                                  0x08008113   Thumb Code   330  touch.o(.text)
    AT24CXX_Init                             0x080082b1   Thumb Code     8  24cxx.o(.text)
    AT24CXX_ReadOneByte                      0x080082b9   Thumb Code    88  24cxx.o(.text)
    AT24CXX_WriteOneByte                     0x08008311   Thumb Code    80  24cxx.o(.text)
    AT24CXX_WriteLenByte                     0x08008361   Thumb Code    42  24cxx.o(.text)
    AT24CXX_ReadLenByte                      0x0800838b   Thumb Code    44  24cxx.o(.text)
    AT24CXX_Check                            0x080083b7   Thumb Code    46  24cxx.o(.text)
    AT24CXX_Read                             0x080083e5   Thumb Code    34  24cxx.o(.text)
    AT24CXX_Write                            0x08008407   Thumb Code    36  24cxx.o(.text)
    IIC_Init                                 0x0800842d   Thumb Code    46  myiic.o(.text)
    IIC_Start                                0x0800845b   Thumb Code    64  myiic.o(.text)
    IIC_Stop                                 0x0800849b   Thumb Code    66  myiic.o(.text)
    IIC_Wait_Ack                             0x080084dd   Thumb Code    86  myiic.o(.text)
    IIC_Ack                                  0x08008533   Thumb Code    70  myiic.o(.text)
    IIC_NAck                                 0x08008579   Thumb Code    70  myiic.o(.text)
    IIC_Send_Byte                            0x080085bf   Thumb Code   104  myiic.o(.text)
    IIC_Read_Byte                            0x08008627   Thumb Code   100  myiic.o(.text)
    delay_init                               0x08008699   Thumb Code    50  delay.o(.text)
    delay_us                                 0x080086cb   Thumb Code    72  delay.o(.text)
    delay_ms                                 0x08008713   Thumb Code    72  delay.o(.text)
    _sys_exit                                0x0800876d   Thumb Code     4  usart.o(.text)
    fputc                                    0x08008771   Thumb Code    24  usart.o(.text)
    uart_init                                0x08008789   Thumb Code   152  usart.o(.text)
    USART1_IRQHandler                        0x08008821   Thumb Code   122  usart.o(.text)
    Reset_Handler                            0x080088ad   Thumb Code     8  startup_stm32f10x_hd.o(.text)
    ADC1_2_IRQHandler                        0x080088c7   Thumb Code     0  startup_stm32f10x_hd.o(.text)
    ADC3_IRQHandler                          0x080088c7   Thumb Code     0  startup_stm32f10x_hd.o(.text)
    CAN1_RX1_IRQHandler                      0x080088c7   Thumb Code     0  startup_stm32f10x_hd.o(.text)
    CAN1_SCE_IRQHandler                      0x080088c7   Thumb Code     0  startup_stm32f10x_hd.o(.text)
    DMA1_Channel1_IRQHandler                 0x080088c7   Thumb Code     0  startup_stm32f10x_hd.o(.text)
    DMA1_Channel2_IRQHandler                 0x080088c7   Thumb Code     0  startup_stm32f10x_hd.o(.text)
    DMA1_Channel3_IRQHandler                 0x080088c7   Thumb Code     0  startup_stm32f10x_hd.o(.text)
    DMA1_Channel4_IRQHandler                 0x080088c7   Thumb Code     0  startup_stm32f10x_hd.o(.text)
    DMA1_Channel5_IRQHandler                 0x080088c7   Thumb Code     0  startup_stm32f10x_hd.o(.text)
    DMA1_Channel6_IRQHandler                 0x080088c7   Thumb Code     0  startup_stm32f10x_hd.o(.text)
    DMA1_Channel7_IRQHandler                 0x080088c7   Thumb Code     0  startup_stm32f10x_hd.o(.text)
    DMA2_Channel1_IRQHandler                 0x080088c7   Thumb Code     0  startup_stm32f10x_hd.o(.text)
    DMA2_Channel2_IRQHandler                 0x080088c7   Thumb Code     0  startup_stm32f10x_hd.o(.text)
    DMA2_Channel3_IRQHandler                 0x080088c7   Thumb Code     0  startup_stm32f10x_hd.o(.text)
    DMA2_Channel4_5_IRQHandler               0x080088c7   Thumb Code     0  startup_stm32f10x_hd.o(.text)
    EXTI0_IRQHandler                         0x080088c7   Thumb Code     0  startup_stm32f10x_hd.o(.text)
    EXTI15_10_IRQHandler                     0x080088c7   Thumb Code     0  startup_stm32f10x_hd.o(.text)
    EXTI1_IRQHandler                         0x080088c7   Thumb Code     0  startup_stm32f10x_hd.o(.text)
    EXTI2_IRQHandler                         0x080088c7   Thumb Code     0  startup_stm32f10x_hd.o(.text)
    EXTI3_IRQHandler                         0x080088c7   Thumb Code     0  startup_stm32f10x_hd.o(.text)
    EXTI4_IRQHandler                         0x080088c7   Thumb Code     0  startup_stm32f10x_hd.o(.text)
    EXTI9_5_IRQHandler                       0x080088c7   Thumb Code     0  startup_stm32f10x_hd.o(.text)
    FLASH_IRQHandler                         0x080088c7   Thumb Code     0  startup_stm32f10x_hd.o(.text)
    FSMC_IRQHandler                          0x080088c7   Thumb Code     0  startup_stm32f10x_hd.o(.text)
    I2C1_ER_IRQHandler                       0x080088c7   Thumb Code     0  startup_stm32f10x_hd.o(.text)
    I2C1_EV_IRQHandler                       0x080088c7   Thumb Code     0  startup_stm32f10x_hd.o(.text)
    I2C2_ER_IRQHandler                       0x080088c7   Thumb Code     0  startup_stm32f10x_hd.o(.text)
    I2C2_EV_IRQHandler                       0x080088c7   Thumb Code     0  startup_stm32f10x_hd.o(.text)
    PVD_IRQHandler                           0x080088c7   Thumb Code     0  startup_stm32f10x_hd.o(.text)
    RCC_IRQHandler                           0x080088c7   Thumb Code     0  startup_stm32f10x_hd.o(.text)
    RTCAlarm_IRQHandler                      0x080088c7   Thumb Code     0  startup_stm32f10x_hd.o(.text)
    RTC_IRQHandler                           0x080088c7   Thumb Code     0  startup_stm32f10x_hd.o(.text)
    SDIO_IRQHandler                          0x080088c7   Thumb Code     0  startup_stm32f10x_hd.o(.text)
    SPI1_IRQHandler                          0x080088c7   Thumb Code     0  startup_stm32f10x_hd.o(.text)
    SPI2_IRQHandler                          0x080088c7   Thumb Code     0  startup_stm32f10x_hd.o(.text)
    SPI3_IRQHandler                          0x080088c7   Thumb Code     0  startup_stm32f10x_hd.o(.text)
    TAMPER_IRQHandler                        0x080088c7   Thumb Code     0  startup_stm32f10x_hd.o(.text)
    TIM1_BRK_IRQHandler                      0x080088c7   Thumb Code     0  startup_stm32f10x_hd.o(.text)
    TIM1_CC_IRQHandler                       0x080088c7   Thumb Code     0  startup_stm32f10x_hd.o(.text)
    TIM1_TRG_COM_IRQHandler                  0x080088c7   Thumb Code     0  startup_stm32f10x_hd.o(.text)
    TIM1_UP_IRQHandler                       0x080088c7   Thumb Code     0  startup_stm32f10x_hd.o(.text)
    TIM2_IRQHandler                          0x080088c7   Thumb Code     0  startup_stm32f10x_hd.o(.text)
    TIM3_IRQHandler                          0x080088c7   Thumb Code     0  startup_stm32f10x_hd.o(.text)
    TIM4_IRQHandler                          0x080088c7   Thumb Code     0  startup_stm32f10x_hd.o(.text)
    TIM5_IRQHandler                          0x080088c7   Thumb Code     0  startup_stm32f10x_hd.o(.text)
    TIM6_IRQHandler                          0x080088c7   Thumb Code     0  startup_stm32f10x_hd.o(.text)
    TIM7_IRQHandler                          0x080088c7   Thumb Code     0  startup_stm32f10x_hd.o(.text)
    TIM8_BRK_IRQHandler                      0x080088c7   Thumb Code     0  startup_stm32f10x_hd.o(.text)
    TIM8_CC_IRQHandler                       0x080088c7   Thumb Code     0  startup_stm32f10x_hd.o(.text)
    TIM8_TRG_COM_IRQHandler                  0x080088c7   Thumb Code     0  startup_stm32f10x_hd.o(.text)
    TIM8_UP_IRQHandler                       0x080088c7   Thumb Code     0  startup_stm32f10x_hd.o(.text)
    UART4_IRQHandler                         0x080088c7   Thumb Code     0  startup_stm32f10x_hd.o(.text)
    UART5_IRQHandler                         0x080088c7   Thumb Code     0  startup_stm32f10x_hd.o(.text)
    USART2_IRQHandler                        0x080088c7   Thumb Code     0  startup_stm32f10x_hd.o(.text)
    USART3_IRQHandler                        0x080088c7   Thumb Code     0  startup_stm32f10x_hd.o(.text)
    USBWakeUp_IRQHandler                     0x080088c7   Thumb Code     0  startup_stm32f10x_hd.o(.text)
    USB_HP_CAN1_TX_IRQHandler                0x080088c7   Thumb Code     0  startup_stm32f10x_hd.o(.text)
    USB_LP_CAN1_RX0_IRQHandler               0x080088c7   Thumb Code     0  startup_stm32f10x_hd.o(.text)
    WWDG_IRQHandler                          0x080088c7   Thumb Code     0  startup_stm32f10x_hd.o(.text)
    __user_initial_stackheap                 0x080088c9   Thumb Code     0  startup_stm32f10x_hd.o(.text)
    NVIC_PriorityGroupConfig                 0x080088ed   Thumb Code    10  misc.o(.text)
    NVIC_Init                                0x080088f7   Thumb Code   100  misc.o(.text)
    NVIC_SetVectorTable                      0x0800895b   Thumb Code    14  misc.o(.text)
    NVIC_SystemLPConfig                      0x08008969   Thumb Code    34  misc.o(.text)
    SysTick_CLKSourceConfig                  0x0800898b   Thumb Code    40  misc.o(.text)
    FSMC_NORSRAMDeInit                       0x080089c9   Thumb Code    54  stm32f10x_fsmc.o(.text)
    FSMC_NANDDeInit                          0x080089ff   Thumb Code    62  stm32f10x_fsmc.o(.text)
    FSMC_PCCARDDeInit                        0x08008a3d   Thumb Code    36  stm32f10x_fsmc.o(.text)
    FSMC_NORSRAMInit                         0x08008a61   Thumb Code   230  stm32f10x_fsmc.o(.text)
    FSMC_NANDInit                            0x08008b47   Thumb Code   132  stm32f10x_fsmc.o(.text)
    FSMC_PCCARDInit                          0x08008bcb   Thumb Code   130  stm32f10x_fsmc.o(.text)
    FSMC_NORSRAMStructInit                   0x08008c4d   Thumb Code   114  stm32f10x_fsmc.o(.text)
    FSMC_NANDStructInit                      0x08008cbf   Thumb Code    54  stm32f10x_fsmc.o(.text)
    FSMC_PCCARDStructInit                    0x08008cf5   Thumb Code    60  stm32f10x_fsmc.o(.text)
    FSMC_NORSRAMCmd                          0x08008d31   Thumb Code    46  stm32f10x_fsmc.o(.text)
    FSMC_NANDCmd                             0x08008d5f   Thumb Code    86  stm32f10x_fsmc.o(.text)
    FSMC_PCCARDCmd                           0x08008db5   Thumb Code    44  stm32f10x_fsmc.o(.text)
    FSMC_NANDECCCmd                          0x08008de1   Thumb Code    90  stm32f10x_fsmc.o(.text)
    FSMC_GetECC                              0x08008e3b   Thumb Code    24  stm32f10x_fsmc.o(.text)
    FSMC_ITConfig                            0x08008e53   Thumb Code   128  stm32f10x_fsmc.o(.text)
    FSMC_GetFlagStatus                       0x08008ed3   Thumb Code    54  stm32f10x_fsmc.o(.text)
    FSMC_ClearFlag                           0x08008f09   Thumb Code    62  stm32f10x_fsmc.o(.text)
    FSMC_GetITStatus                         0x08008f47   Thumb Code    64  stm32f10x_fsmc.o(.text)
    FSMC_ClearITPendingBit                   0x08008f87   Thumb Code    68  stm32f10x_fsmc.o(.text)
    GPIO_DeInit                              0x08008fd5   Thumb Code   172  stm32f10x_gpio.o(.text)
    GPIO_AFIODeInit                          0x08009081   Thumb Code    20  stm32f10x_gpio.o(.text)
    GPIO_Init                                0x08009095   Thumb Code   278  stm32f10x_gpio.o(.text)
    GPIO_StructInit                          0x080091ab   Thumb Code    16  stm32f10x_gpio.o(.text)
    GPIO_ReadInputDataBit                    0x080091bb   Thumb Code    18  stm32f10x_gpio.o(.text)
    GPIO_ReadInputData                       0x080091cd   Thumb Code     8  stm32f10x_gpio.o(.text)
    GPIO_ReadOutputDataBit                   0x080091d5   Thumb Code    18  stm32f10x_gpio.o(.text)
    GPIO_ReadOutputData                      0x080091e7   Thumb Code     8  stm32f10x_gpio.o(.text)
    GPIO_SetBits                             0x080091ef   Thumb Code     4  stm32f10x_gpio.o(.text)
    GPIO_ResetBits                           0x080091f3   Thumb Code     4  stm32f10x_gpio.o(.text)
    GPIO_WriteBit                            0x080091f7   Thumb Code    10  stm32f10x_gpio.o(.text)
    GPIO_Write                               0x08009201   Thumb Code     4  stm32f10x_gpio.o(.text)
    GPIO_PinLockConfig                       0x08009205   Thumb Code    18  stm32f10x_gpio.o(.text)
    GPIO_EventOutputConfig                   0x08009217   Thumb Code    26  stm32f10x_gpio.o(.text)
    GPIO_EventOutputCmd                      0x08009231   Thumb Code     6  stm32f10x_gpio.o(.text)
    GPIO_PinRemapConfig                      0x08009237   Thumb Code   138  stm32f10x_gpio.o(.text)
    GPIO_EXTILineConfig                      0x080092c1   Thumb Code    66  stm32f10x_gpio.o(.text)
    GPIO_ETH_MediaInterfaceConfig            0x08009303   Thumb Code     8  stm32f10x_gpio.o(.text)
    RCC_DeInit                               0x08009331   Thumb Code    64  stm32f10x_rcc.o(.text)
    RCC_HSEConfig                            0x08009371   Thumb Code    70  stm32f10x_rcc.o(.text)
    RCC_GetFlagStatus                        0x080093b7   Thumb Code    56  stm32f10x_rcc.o(.text)
    RCC_WaitForHSEStartUp                    0x080093ef   Thumb Code    56  stm32f10x_rcc.o(.text)
    RCC_AdjustHSICalibrationValue            0x08009427   Thumb Code    20  stm32f10x_rcc.o(.text)
    RCC_HSICmd                               0x0800943b   Thumb Code     6  stm32f10x_rcc.o(.text)
    RCC_PLLConfig                            0x08009441   Thumb Code    24  stm32f10x_rcc.o(.text)
    RCC_PLLCmd                               0x08009459   Thumb Code     6  stm32f10x_rcc.o(.text)
    RCC_SYSCLKConfig                         0x0800945f   Thumb Code    18  stm32f10x_rcc.o(.text)
    RCC_GetSYSCLKSource                      0x08009471   Thumb Code    10  stm32f10x_rcc.o(.text)
    RCC_HCLKConfig                           0x0800947b   Thumb Code    18  stm32f10x_rcc.o(.text)
    RCC_PCLK1Config                          0x0800948d   Thumb Code    18  stm32f10x_rcc.o(.text)
    RCC_PCLK2Config                          0x0800949f   Thumb Code    20  stm32f10x_rcc.o(.text)
    RCC_ITConfig                             0x080094b3   Thumb Code    26  stm32f10x_rcc.o(.text)
    RCC_USBCLKConfig                         0x080094cd   Thumb Code     8  stm32f10x_rcc.o(.text)
    RCC_ADCCLKConfig                         0x080094d5   Thumb Code    18  stm32f10x_rcc.o(.text)
    RCC_LSEConfig                            0x080094e7   Thumb Code    50  stm32f10x_rcc.o(.text)
    RCC_LSICmd                               0x08009519   Thumb Code     6  stm32f10x_rcc.o(.text)
    RCC_RTCCLKConfig                         0x0800951f   Thumb Code    12  stm32f10x_rcc.o(.text)
    RCC_RTCCLKCmd                            0x0800952b   Thumb Code     8  stm32f10x_rcc.o(.text)
    RCC_GetClocksFreq                        0x08009533   Thumb Code   192  stm32f10x_rcc.o(.text)
    RCC_AHBPeriphClockCmd                    0x080095f3   Thumb Code    26  stm32f10x_rcc.o(.text)
    RCC_APB2PeriphClockCmd                   0x0800960d   Thumb Code    26  stm32f10x_rcc.o(.text)
    RCC_APB1PeriphClockCmd                   0x08009627   Thumb Code    26  stm32f10x_rcc.o(.text)
    RCC_APB2PeriphResetCmd                   0x08009641   Thumb Code    26  stm32f10x_rcc.o(.text)
    RCC_APB1PeriphResetCmd                   0x0800965b   Thumb Code    26  stm32f10x_rcc.o(.text)
    RCC_BackupResetCmd                       0x08009675   Thumb Code     8  stm32f10x_rcc.o(.text)
    RCC_ClockSecuritySystemCmd               0x0800967d   Thumb Code     6  stm32f10x_rcc.o(.text)
    RCC_MCOConfig                            0x08009683   Thumb Code     6  stm32f10x_rcc.o(.text)
    RCC_ClearFlag                            0x08009689   Thumb Code    14  stm32f10x_rcc.o(.text)
    RCC_GetITStatus                          0x08009697   Thumb Code    20  stm32f10x_rcc.o(.text)
    RCC_ClearITPendingBit                    0x080096ab   Thumb Code     6  stm32f10x_rcc.o(.text)
    USART_DeInit                             0x080096d5   Thumb Code   134  stm32f10x_usart.o(.text)
    USART_Init                               0x0800975b   Thumb Code   210  stm32f10x_usart.o(.text)
    USART_StructInit                         0x0800982d   Thumb Code    24  stm32f10x_usart.o(.text)
    USART_ClockInit                          0x08009845   Thumb Code    34  stm32f10x_usart.o(.text)
    USART_ClockStructInit                    0x08009867   Thumb Code    12  stm32f10x_usart.o(.text)
    USART_Cmd                                0x08009873   Thumb Code    24  stm32f10x_usart.o(.text)
    USART_ITConfig                           0x0800988b   Thumb Code    74  stm32f10x_usart.o(.text)
    USART_DMACmd                             0x080098d5   Thumb Code    18  stm32f10x_usart.o(.text)
    USART_SetAddress                         0x080098e7   Thumb Code    18  stm32f10x_usart.o(.text)
    USART_WakeUpConfig                       0x080098f9   Thumb Code    18  stm32f10x_usart.o(.text)
    USART_ReceiverWakeUpCmd                  0x0800990b   Thumb Code    24  stm32f10x_usart.o(.text)
    USART_LINBreakDetectLengthConfig         0x08009923   Thumb Code    18  stm32f10x_usart.o(.text)
    USART_LINCmd                             0x08009935   Thumb Code    24  stm32f10x_usart.o(.text)
    USART_SendData                           0x0800994d   Thumb Code     8  stm32f10x_usart.o(.text)
    USART_ReceiveData                        0x08009955   Thumb Code    10  stm32f10x_usart.o(.text)
    USART_SendBreak                          0x0800995f   Thumb Code    10  stm32f10x_usart.o(.text)
    USART_SetGuardTime                       0x08009969   Thumb Code    16  stm32f10x_usart.o(.text)
    USART_SetPrescaler                       0x08009979   Thumb Code    16  stm32f10x_usart.o(.text)
    USART_SmartCardCmd                       0x08009989   Thumb Code    24  stm32f10x_usart.o(.text)
    USART_SmartCardNACKCmd                   0x080099a1   Thumb Code    24  stm32f10x_usart.o(.text)
    USART_HalfDuplexCmd                      0x080099b9   Thumb Code    24  stm32f10x_usart.o(.text)
    USART_OverSampling8Cmd                   0x080099d1   Thumb Code    22  stm32f10x_usart.o(.text)
    USART_OneBitMethodCmd                    0x080099e7   Thumb Code    24  stm32f10x_usart.o(.text)
    USART_IrDAConfig                         0x080099ff   Thumb Code    18  stm32f10x_usart.o(.text)
    USART_IrDACmd                            0x08009a11   Thumb Code    24  stm32f10x_usart.o(.text)
    USART_GetFlagStatus                      0x08009a29   Thumb Code    26  stm32f10x_usart.o(.text)
    USART_ClearFlag                          0x08009a43   Thumb Code    18  stm32f10x_usart.o(.text)
    USART_GetITStatus                        0x08009a55   Thumb Code    84  stm32f10x_usart.o(.text)
    USART_ClearITPendingBit                  0x08009aa9   Thumb Code    52  stm32f10x_usart.o(.text)
    __use_no_semihosting                     0x08009add   Thumb Code     2  use_no_semi_2.o(.text)
    vsprintf                                 0x08009ae1   Thumb Code    32  vsprintf.o(.text)
    __2printf                                0x08009b05   Thumb Code    20  __2printf.o(.text)
    __2sprintf                               0x08009b1d   Thumb Code    38  __2sprintf.o(.text)
    _printf_pre_padding                      0x08009b49   Thumb Code    44  _printf_pad.o(.text)
    _printf_post_padding                     0x08009b75   Thumb Code    34  _printf_pad.o(.text)
    _printf_str                              0x08009b97   Thumb Code    82  _printf_str.o(.text)
    _printf_int_dec                          0x08009be9   Thumb Code   104  _printf_dec.o(.text)
    _printf_longlong_hex                     0x08009c61   Thumb Code    86  _printf_hex_int_ll_ptr.o(.text)
    _printf_int_hex                          0x08009cb7   Thumb Code    28  _printf_hex_int_ll_ptr.o(.text)
    _printf_ll_hex                           0x08009cd3   Thumb Code    12  _printf_hex_int_ll_ptr.o(.text)
    _printf_hex_ptr                          0x08009cdf   Thumb Code    18  _printf_hex_int_ll_ptr.o(.text)
    __printf                                 0x08009cf5   Thumb Code   388  __printf_flags_ss_wp.o(.text)
    strcpy                                   0x08009e7d   Thumb Code    72  strcpy.o(.text)
    strncmp                                  0x08009ec5   Thumb Code   150  strncmp.o(.text)
    __aeabi_memcpy                           0x08009f5b   Thumb Code     0  rt_memcpy_v6.o(.text)
    __rt_memcpy                              0x08009f5b   Thumb Code   138  rt_memcpy_v6.o(.text)
    _memcpy_lastbytes                        0x08009fc1   Thumb Code     0  rt_memcpy_v6.o(.text)
    __aeabi_memclr                           0x08009fe5   Thumb Code     0  rt_memclr.o(.text)
    __rt_memclr                              0x08009fe5   Thumb Code    68  rt_memclr.o(.text)
    _memset                                  0x08009fe9   Thumb Code     0  rt_memclr.o(.text)
    strcmp                                   0x0800a029   Thumb Code   128  strcmpv7m.o(.text)
    __use_two_region_memory                  0x0800a0a9   Thumb Code     2  heapauxi.o(.text)
    __rt_heap_escrow$2region                 0x0800a0ab   Thumb Code     2  heapauxi.o(.text)
    __rt_heap_expand$2region                 0x0800a0ad   Thumb Code     2  heapauxi.o(.text)
    __I$use$semihosting                      0x0800a0af   Thumb Code     0  use_no_semi.o(.text)
    __use_no_semihosting_swi                 0x0800a0af   Thumb Code     2  use_no_semi.o(.text)
    __read_errno                             0x0800a0b1   Thumb Code    10  _rserrno.o(.text)
    __set_errno                              0x0800a0bb   Thumb Code    12  _rserrno.o(.text)
    _printf_truncate_signed                  0x0800a0c7   Thumb Code    18  _printf_truncate.o(.text)
    _printf_truncate_unsigned                0x0800a0d9   Thumb Code    18  _printf_truncate.o(.text)
    _printf_int_common                       0x0800a0eb   Thumb Code   178  _printf_intcommon.o(.text)
    _printf_charcount                        0x0800a19d   Thumb Code    40  _printf_charcount.o(.text)
    _printf_char_common                      0x0800a1cf   Thumb Code    32  _printf_char_common.o(.text)
    _sputc                                   0x0800a1f5   Thumb Code    10  _sputc.o(.text)
    _printf_cs_common                        0x0800a1ff   Thumb Code    20  _printf_char.o(.text)
    _printf_char                             0x0800a213   Thumb Code    16  _printf_char.o(.text)
    _printf_string                           0x0800a223   Thumb Code     8  _printf_char.o(.text)
    _printf_char_file                        0x0800a22d   Thumb Code    32  _printf_char_file.o(.text)
    _printf_wctomb                           0x0800a251   Thumb Code   182  _printf_wctomb.o(.text)
    _printf_longlong_dec                     0x0800a30d   Thumb Code   108  _printf_longlong_dec.o(.text)
    _printf_longlong_oct                     0x0800a389   Thumb Code    66  _printf_oct_int_ll.o(.text)
    _printf_int_oct                          0x0800a3cb   Thumb Code    24  _printf_oct_int_ll.o(.text)
    _printf_ll_oct                           0x0800a3e3   Thumb Code    12  _printf_oct_int_ll.o(.text)
    __aeabi_memcpy4                          0x0800a3f9   Thumb Code     0  rt_memcpy_w.o(.text)
    __aeabi_memcpy8                          0x0800a3f9   Thumb Code     0  rt_memcpy_w.o(.text)
    __rt_memcpy_w                            0x0800a3f9   Thumb Code   100  rt_memcpy_w.o(.text)
    _memcpy_lastbytes_aligned                0x0800a441   Thumb Code     0  rt_memcpy_w.o(.text)
    __aeabi_memclr4                          0x0800a45d   Thumb Code     0  rt_memclr_w.o(.text)
    __aeabi_memclr8                          0x0800a45d   Thumb Code     0  rt_memclr_w.o(.text)
    __rt_memclr_w                            0x0800a45d   Thumb Code    78  rt_memclr_w.o(.text)
    _memset_w                                0x0800a461   Thumb Code     0  rt_memclr_w.o(.text)
    __aeabi_errno_addr                       0x0800a4ad   Thumb Code     8  rt_errno_addr_intlibspace.o(.text)
    __errno$intlibspace                      0x0800a4ad   Thumb Code     0  rt_errno_addr_intlibspace.o(.text)
    __rt_errno_addr$intlibspace              0x0800a4ad   Thumb Code     0  rt_errno_addr_intlibspace.o(.text)
    _ll_udiv10                               0x0800a4b5   Thumb Code   138  lludiv10.o(.text)
    __lib_sel_fp_printf                      0x0800a53f   Thumb Code     2  _printf_fp_dec.o(.text)
    _printf_fp_dec_real                      0x0800a6f1   Thumb Code   620  _printf_fp_dec.o(.text)
    _printf_fp_hex_real                      0x0800a95d   Thumb Code   756  _printf_fp_hex.o(.text)
    _printf_lcs_common                       0x0800ac59   Thumb Code    20  _printf_wchar.o(.text)
    _printf_wchar                            0x0800ac6d   Thumb Code    16  _printf_wchar.o(.text)
    _printf_wstring                          0x0800ac7d   Thumb Code     8  _printf_wchar.o(.text)
    ferror                                   0x0800ac85   Thumb Code     8  ferror.o(.text)
    _wcrtomb                                 0x0800ac8d   Thumb Code    64  _wcrtomb.o(.text)
    __user_libspace                          0x0800accd   Thumb Code     8  libspace.o(.text)
    __user_perproc_libspace                  0x0800accd   Thumb Code     0  libspace.o(.text)
    __user_perthread_libspace                0x0800accd   Thumb Code     0  libspace.o(.text)
    __user_setup_stackheap                   0x0800acd5   Thumb Code    74  sys_stackheap_outer.o(.text)
    __rt_ctype_table                         0x0800ad21   Thumb Code    16  rt_ctype_table.o(.text)
    __rt_locale                              0x0800ad31   Thumb Code     8  rt_locale_intlibspace.o(.text)
    _printf_fp_infnan                        0x0800ad39   Thumb Code   112  _printf_fp_infnan.o(.text)
    _btod_etento                             0x0800adb9   Thumb Code   224  bigflt0.o(.text)
    exit                                     0x0800ae9d   Thumb Code    18  exit.o(.text)
    _btod_d2e                                0x0800aeaf   Thumb Code    62  btod.o(CL$$btod_d2e)
    _d2e_denorm_low                          0x0800aeed   Thumb Code    70  btod.o(CL$$btod_d2e_denorm_low)
    _d2e_norm_op1                            0x0800af33   Thumb Code    96  btod.o(CL$$btod_d2e_norm_op1)
    __btod_div_common                        0x0800af93   Thumb Code   696  btod.o(CL$$btod_div_common)
    _e2e                                     0x0800b2cb   Thumb Code   220  btod.o(CL$$btod_e2e)
    _btod_ediv                               0x0800b3a7   Thumb Code    42  btod.o(CL$$btod_ediv)
    _btod_emul                               0x0800b3d1   Thumb Code    42  btod.o(CL$$btod_emul)
    __btod_mult_common                       0x0800b3fb   Thumb Code   580  btod.o(CL$$btod_mult_common)
    __ARM_fpclassify                         0x0800b63f   Thumb Code    40  fpclassify.o(i.__ARM_fpclassify)
    _is_digit                                0x0800b667   Thumb Code    14  __printf_wp.o(i._is_digit)
    sqrt                                     0x0800b675   Thumb Code    76  sqrt.o(i.sqrt)
    _get_lc_numeric                          0x0800b6c1   Thumb Code    44  lc_numeric_c.o(locale$$code)
    _get_lc_ctype                            0x0800b6ed   Thumb Code    44  lc_ctype_c.o(locale$$code)
    __aeabi_dadd                             0x0800b719   Thumb Code     0  daddsub_clz.o(x$fpl$dadd)
    _dadd                                    0x0800b719   Thumb Code   332  daddsub_clz.o(x$fpl$dadd)
    __fpl_dcmp_Inf                           0x0800b869   Thumb Code    24  dcmpi.o(x$fpl$dcmpinf)
    __aeabi_d2uiz                            0x0800b881   Thumb Code     0  dfixu.o(x$fpl$dfixu)
    _dfixu                                   0x0800b881   Thumb Code    90  dfixu.o(x$fpl$dfixu)
    __aeabi_i2d                              0x0800b8db   Thumb Code     0  dflt_clz.o(x$fpl$dflt)
    _dflt                                    0x0800b8db   Thumb Code    46  dflt_clz.o(x$fpl$dflt)
    __aeabi_ui2d                             0x0800b909   Thumb Code     0  dflt_clz.o(x$fpl$dfltu)
    _dfltu                                   0x0800b909   Thumb Code    38  dflt_clz.o(x$fpl$dfltu)
    __aeabi_cdcmple                          0x0800b931   Thumb Code     0  dleqf.o(x$fpl$dleqf)
    _dcmple                                  0x0800b931   Thumb Code   120  dleqf.o(x$fpl$dleqf)
    __fpl_dcmple_InfNaN                      0x0800b993   Thumb Code     0  dleqf.o(x$fpl$dleqf)
    __aeabi_dmul                             0x0800b9a9   Thumb Code     0  dmul.o(x$fpl$dmul)
    _dmul                                    0x0800b9a9   Thumb Code   332  dmul.o(x$fpl$dmul)
    __fpl_dnaninf                            0x0800bafd   Thumb Code   156  dnaninf.o(x$fpl$dnaninf)
    __fpl_dretinf                            0x0800bb99   Thumb Code    12  dretinf.o(x$fpl$dretinf)
    __aeabi_cdrcmple                         0x0800bba5   Thumb Code     0  drleqf.o(x$fpl$drleqf)
    _drcmple                                 0x0800bba5   Thumb Code   108  drleqf.o(x$fpl$drleqf)
    __aeabi_drsub                            0x0800bc11   Thumb Code     0  daddsub_clz.o(x$fpl$drsb)
    _drsb                                    0x0800bc11   Thumb Code    22  daddsub_clz.o(x$fpl$drsb)
    _dsqrt                                   0x0800bc29   Thumb Code   456  dsqrt_noumaal.o(x$fpl$dsqrt)
    __aeabi_dsub                             0x0800bdf5   Thumb Code     0  daddsub_clz.o(x$fpl$dsub)
    _dsub                                    0x0800bdf5   Thumb Code   464  daddsub_clz.o(x$fpl$dsub)
    __aeabi_f2d                              0x0800bfc9   Thumb Code     0  f2d.o(x$fpl$f2d)
    _f2d                                     0x0800bfc9   Thumb Code    86  f2d.o(x$fpl$f2d)
    __aeabi_fadd                             0x0800c021   Thumb Code     0  faddsub_clz.o(x$fpl$fadd)
    _fadd                                    0x0800c021   Thumb Code   196  faddsub_clz.o(x$fpl$fadd)
    __aeabi_fdiv                             0x0800c0e5   Thumb Code     0  fdiv.o(x$fpl$fdiv)
    _fdiv                                    0x0800c0e5   Thumb Code   384  fdiv.o(x$fpl$fdiv)
    __aeabi_f2iz                             0x0800c269   Thumb Code     0  ffix.o(x$fpl$ffix)
    _ffix                                    0x0800c269   Thumb Code    54  ffix.o(x$fpl$ffix)
    __aeabi_f2uiz                            0x0800c2a1   Thumb Code     0  ffixu.o(x$fpl$ffixu)
    _ffixu                                   0x0800c2a1   Thumb Code    62  ffixu.o(x$fpl$ffixu)
    __aeabi_i2f                              0x0800c2e1   Thumb Code     0  fflt_clz.o(x$fpl$fflt)
    _fflt                                    0x0800c2e1   Thumb Code    48  fflt_clz.o(x$fpl$fflt)
    __aeabi_ui2f                             0x0800c311   Thumb Code     0  fflt_clz.o(x$fpl$ffltu)
    _ffltu                                   0x0800c311   Thumb Code    38  fflt_clz.o(x$fpl$ffltu)
    __aeabi_fmul                             0x0800c339   Thumb Code     0  fmul.o(x$fpl$fmul)
    _fmul                                    0x0800c339   Thumb Code   258  fmul.o(x$fpl$fmul)
    __fpl_fnaninf                            0x0800c43b   Thumb Code   140  fnaninf.o(x$fpl$fnaninf)
    __fpl_fretinf                            0x0800c4c7   Thumb Code    10  fretinf.o(x$fpl$fretinf)
    __aeabi_fsub                             0x0800c4d1   Thumb Code     0  faddsub_clz.o(x$fpl$fsub)
    _fsub                                    0x0800c4d1   Thumb Code   234  faddsub_clz.o(x$fpl$fsub)
    _printf_fp_dec                           0x0800c5bb   Thumb Code     4  printf1.o(x$fpl$printf1)
    _printf_fp_hex                           0x0800c5bf   Thumb Code     4  printf2.o(x$fpl$printf2)
    __I$use$fp                               0x0800c5c2   Number         0  usenofp.o(x$fpl$usenofp)
    asc2_1206                                0x0800c5c2   Data        1140  lcd.o(.constdata)
    asc2_1608                                0x0800ca36   Data        1520  lcd.o(.constdata)
    asc2_2412                                0x0800d026   Data        3420  lcd.o(.constdata)
    FT5206_TPX_TBL                           0x0800dd82   Data          10  ft5206.o(.constdata)
    GT9147_CFG_TBL                           0x0800dd8c   Data         184  gt9147.o(.constdata)
    GT9147_TPX_TBL                           0x0800de44   Data          10  gt9147.o(.constdata)
    OTT_TPX_TBL                              0x0800de4e   Data          10  ott2001a.o(.constdata)
    TP_REMIND_MSG_TBL                        0x0800de58   Data           4  touch.o(.constdata)
    Region$$Table$$Base                      0x0800e00c   Number         0  anon$$obj.o(Region$$Table)
    Region$$Table$$Limit                     0x0800e02c   Number         0  anon$$obj.o(Region$$Table)
    __ctype                                  0x0800e055   Data           0  lc_ctype_c.o(locale$$data)
    known_card_id                            0x20000000   Data          28  main.o(.data)
    known_card_string                        0x2000001c   Data          28  main.o(.data)
    stage                                    0x20000038   Data           1  main.o(.data)
    rt_val                                   0x20000039   Data           1  main.o(.data)
    sw_flag                                  0x2000003a   Data           1  main.o(.data)
    SystemCoreClock                          0x20000044   Data           4  system_stm32f10x.o(.data)
    AHBPrescTable                            0x20000048   Data          16  system_stm32f10x.o(.data)
    CT                                       0x20000058   Data           2  rc522.o(.data)
    SN                                       0x2000005a   Data           4  rc522.o(.data)
    lxl_bit                                  0x2000005e   Data           1  rc522.o(.data)
    card1_bit                                0x2000005f   Data           1  rc522.o(.data)
    card2_bit                                0x20000060   Data           1  rc522.o(.data)
    card3_bit                                0x20000061   Data           1  rc522.o(.data)
    card4_bit                                0x20000062   Data           1  rc522.o(.data)
    total                                    0x20000063   Data           1  rc522.o(.data)
    lxl                                      0x20000064   Data           4  rc522.o(.data)
    card_1                                   0x20000068   Data           4  rc522.o(.data)
    card_2                                   0x2000006c   Data           4  rc522.o(.data)
    card_3                                   0x20000070   Data           4  rc522.o(.data)
    card_4                                   0x20000074   Data           4  rc522.o(.data)
    KEY                                      0x20000078   Data           6  rc522.o(.data)
    AUDIO_OPEN                               0x2000007e   Data           6  rc522.o(.data)
    RFID1                                    0x20000084   Data          16  rc522.o(.data)
    status                                   0x20000094   Data           1  rc522.o(.data)
    s                                        0x20000095   Data           1  rc522.o(.data)
    POINT_COLOR                              0x20000096   Data           2  lcd.o(.data)
    BACK_COLOR                               0x20000098   Data           2  lcd.o(.data)
    lock_flag                                0x2000009a   Data           1  lock.o(.data)
    tp_dev                                   0x200000a0   Data          52  touch.o(.data)
    CMD_RDX                                  0x200000d4   Data           1  touch.o(.data)
    CMD_RDY                                  0x200000d5   Data           1  touch.o(.data)
    __stdout                                 0x200000dc   Data           4  usart.o(.data)
    USART_RX_STA                             0x200000e0   Data           2  usart.o(.data)
    buf                                      0x200000f8   Data          32  main.o(.bss)
    RFID                                     0x20000118   Data          16  rc522.o(.bss)
    lcddev                                   0x20000128   Data          14  lcd.o(.bss)
    USART_RX_BUF                             0x20000136   Data         200  usart.o(.bss)
    __libspace_start                         0x20000200   Data          96  libspace.o(.bss)
    __temporary_stack_top$libspace           0x20000260   Data           0  libspace.o(.bss)



==============================================================================

Memory Map of the image

  Image Entry point : 0x08000131

  Load Region LR_IROM1 (Base: 0x08000000, Size: 0x0000e250, Max: 0x00080000, ABSOLUTE)

    Execution Region ER_IROM1 (Exec base: 0x08000000, Load base: 0x08000000, Size: 0x0000e158, Max: 0x00080000, ABSOLUTE)

    Exec Addr    Load Addr    Size         Type   Attr      Idx    E Section Name        Object

    0x08000000   0x08000000   0x00000130   Data   RO          590    RESET               startup_stm32f10x_hd.o
    0x08000130   0x08000130   0x00000008   Code   RO          761  * !!!main             c_w.l(__main.o)
    0x08000138   0x08000138   0x00000034   Code   RO         1111    !!!scatter          c_w.l(__scatter.o)
    0x0800016c   0x0800016c   0x0000001a   Code   RO         1113    !!handler_copy      c_w.l(__scatter_copy.o)
    0x08000186   0x08000186   0x00000002   PAD
    0x08000188   0x08000188   0x0000001c   Code   RO         1115    !!handler_zi        c_w.l(__scatter_zi.o)
    0x080001a4   0x080001a4   0x00000000   Code   RO          748    .ARM.Collect$$_printf_percent$$00000000  c_w.l(_printf_percent.o)
    0x080001a4   0x080001a4   0x00000006   Code   RO          852    .ARM.Collect$$_printf_percent$$00000001  c_w.l(_printf_n.o)
    0x080001aa   0x080001aa   0x00000006   Code   RO          853    .ARM.Collect$$_printf_percent$$00000002  c_w.l(_printf_p.o)
    0x080001b0   0x080001b0   0x00000006   Code   RO          856    .ARM.Collect$$_printf_percent$$00000003  c_w.l(_printf_f.o)
    0x080001b6   0x080001b6   0x00000006   Code   RO          857    .ARM.Collect$$_printf_percent$$00000004  c_w.l(_printf_e.o)
    0x080001bc   0x080001bc   0x00000006   Code   RO          858    .ARM.Collect$$_printf_percent$$00000005  c_w.l(_printf_g.o)
    0x080001c2   0x080001c2   0x00000006   Code   RO          859    .ARM.Collect$$_printf_percent$$00000006  c_w.l(_printf_a.o)
    0x080001c8   0x080001c8   0x0000000a   Code   RO          864    .ARM.Collect$$_printf_percent$$00000007  c_w.l(_printf_ll.o)
    0x080001d2   0x080001d2   0x00000006   Code   RO          855    .ARM.Collect$$_printf_percent$$00000008  c_w.l(_printf_i.o)
    0x080001d8   0x080001d8   0x00000006   Code   RO          746    .ARM.Collect$$_printf_percent$$00000009  c_w.l(_printf_d.o)
    0x080001de   0x080001de   0x00000006   Code   RO          747    .ARM.Collect$$_printf_percent$$0000000A  c_w.l(_printf_u.o)
    0x080001e4   0x080001e4   0x00000006   Code   RO          854    .ARM.Collect$$_printf_percent$$0000000B  c_w.l(_printf_o.o)
    0x080001ea   0x080001ea   0x00000006   Code   RO          745    .ARM.Collect$$_printf_percent$$0000000C  c_w.l(_printf_x.o)
    0x080001f0   0x080001f0   0x00000006   Code   RO          861    .ARM.Collect$$_printf_percent$$0000000D  c_w.l(_printf_lli.o)
    0x080001f6   0x080001f6   0x00000006   Code   RO          862    .ARM.Collect$$_printf_percent$$0000000E  c_w.l(_printf_lld.o)
    0x080001fc   0x080001fc   0x00000006   Code   RO          863    .ARM.Collect$$_printf_percent$$0000000F  c_w.l(_printf_llu.o)
    0x08000202   0x08000202   0x00000006   Code   RO          868    .ARM.Collect$$_printf_percent$$00000010  c_w.l(_printf_llo.o)
    0x08000208   0x08000208   0x00000006   Code   RO          869    .ARM.Collect$$_printf_percent$$00000011  c_w.l(_printf_llx.o)
    0x0800020e   0x0800020e   0x0000000a   Code   RO          865    .ARM.Collect$$_printf_percent$$00000012  c_w.l(_printf_l.o)
    0x08000218   0x08000218   0x00000006   Code   RO          851    .ARM.Collect$$_printf_percent$$00000013  c_w.l(_printf_c.o)
    0x0800021e   0x0800021e   0x00000006   Code   RO          744    .ARM.Collect$$_printf_percent$$00000014  c_w.l(_printf_s.o)
    0x08000224   0x08000224   0x00000006   Code   RO          866    .ARM.Collect$$_printf_percent$$00000015  c_w.l(_printf_lc.o)
    0x0800022a   0x0800022a   0x00000006   Code   RO          867    .ARM.Collect$$_printf_percent$$00000016  c_w.l(_printf_ls.o)
    0x08000230   0x08000230   0x00000004   Code   RO          860    .ARM.Collect$$_printf_percent$$00000017  c_w.l(_printf_percent_end.o)
    0x08000234   0x08000234   0x00000002   Code   RO          981    .ARM.Collect$$libinit$$00000000  c_w.l(libinit.o)
    0x08000236   0x08000236   0x00000000   Code   RO          992    .ARM.Collect$$libinit$$00000002  c_w.l(libinit2.o)
    0x08000236   0x08000236   0x00000000   Code   RO          994    .ARM.Collect$$libinit$$00000004  c_w.l(libinit2.o)
    0x08000236   0x08000236   0x00000000   Code   RO          997    .ARM.Collect$$libinit$$0000000A  c_w.l(libinit2.o)
    0x08000236   0x08000236   0x00000000   Code   RO          999    .ARM.Collect$$libinit$$0000000C  c_w.l(libinit2.o)
    0x08000236   0x08000236   0x00000000   Code   RO         1001    .ARM.Collect$$libinit$$0000000E  c_w.l(libinit2.o)
    0x08000236   0x08000236   0x00000006   Code   RO         1002    .ARM.Collect$$libinit$$0000000F  c_w.l(libinit2.o)
    0x0800023c   0x0800023c   0x00000000   Code   RO         1004    .ARM.Collect$$libinit$$00000011  c_w.l(libinit2.o)
    0x0800023c   0x0800023c   0x0000000c   Code   RO         1005    .ARM.Collect$$libinit$$00000012  c_w.l(libinit2.o)
    0x08000248   0x08000248   0x00000000   Code   RO         1006    .ARM.Collect$$libinit$$00000013  c_w.l(libinit2.o)
    0x08000248   0x08000248   0x00000000   Code   RO         1008    .ARM.Collect$$libinit$$00000015  c_w.l(libinit2.o)
    0x08000248   0x08000248   0x0000000a   Code   RO         1009    .ARM.Collect$$libinit$$00000016  c_w.l(libinit2.o)
    0x08000252   0x08000252   0x00000000   Code   RO         1010    .ARM.Collect$$libinit$$00000017  c_w.l(libinit2.o)
    0x08000252   0x08000252   0x00000000   Code   RO         1012    .ARM.Collect$$libinit$$00000019  c_w.l(libinit2.o)
    0x08000252   0x08000252   0x00000000   Code   RO         1014    .ARM.Collect$$libinit$$0000001B  c_w.l(libinit2.o)
    0x08000252   0x08000252   0x00000000   Code   RO         1016    .ARM.Collect$$libinit$$0000001D  c_w.l(libinit2.o)
    0x08000252   0x08000252   0x00000000   Code   RO         1018    .ARM.Collect$$libinit$$0000001F  c_w.l(libinit2.o)
    0x08000252   0x08000252   0x00000000   Code   RO         1020    .ARM.Collect$$libinit$$00000021  c_w.l(libinit2.o)
    0x08000252   0x08000252   0x00000000   Code   RO         1022    .ARM.Collect$$libinit$$00000023  c_w.l(libinit2.o)
    0x08000252   0x08000252   0x00000000   Code   RO         1024    .ARM.Collect$$libinit$$00000025  c_w.l(libinit2.o)
    0x08000252   0x08000252   0x00000000   Code   RO         1028    .ARM.Collect$$libinit$$0000002C  c_w.l(libinit2.o)
    0x08000252   0x08000252   0x00000000   Code   RO         1030    .ARM.Collect$$libinit$$0000002E  c_w.l(libinit2.o)
    0x08000252   0x08000252   0x00000000   Code   RO         1032    .ARM.Collect$$libinit$$00000030  c_w.l(libinit2.o)
    0x08000252   0x08000252   0x00000000   Code   RO         1034    .ARM.Collect$$libinit$$00000032  c_w.l(libinit2.o)
    0x08000252   0x08000252   0x00000002   Code   RO         1035    .ARM.Collect$$libinit$$00000033  c_w.l(libinit2.o)
    0x08000254   0x08000254   0x00000002   Code   RO         1053    .ARM.Collect$$libshutdown$$00000000  c_w.l(libshutdown.o)
    0x08000256   0x08000256   0x00000000   Code   RO         1063    .ARM.Collect$$libshutdown$$00000002  c_w.l(libshutdown2.o)
    0x08000256   0x08000256   0x00000000   Code   RO         1065    .ARM.Collect$$libshutdown$$00000004  c_w.l(libshutdown2.o)
    0x08000256   0x08000256   0x00000000   Code   RO         1068    .ARM.Collect$$libshutdown$$00000007  c_w.l(libshutdown2.o)
    0x08000256   0x08000256   0x00000000   Code   RO         1071    .ARM.Collect$$libshutdown$$0000000A  c_w.l(libshutdown2.o)
    0x08000256   0x08000256   0x00000000   Code   RO         1073    .ARM.Collect$$libshutdown$$0000000C  c_w.l(libshutdown2.o)
    0x08000256   0x08000256   0x00000000   Code   RO         1076    .ARM.Collect$$libshutdown$$0000000F  c_w.l(libshutdown2.o)
    0x08000256   0x08000256   0x00000002   Code   RO         1077    .ARM.Collect$$libshutdown$$00000010  c_w.l(libshutdown2.o)
    0x08000258   0x08000258   0x00000000   Code   RO          823    .ARM.Collect$$rtentry$$00000000  c_w.l(__rtentry.o)
    0x08000258   0x08000258   0x00000000   Code   RO          896    .ARM.Collect$$rtentry$$00000002  c_w.l(__rtentry2.o)
    0x08000258   0x08000258   0x00000006   Code   RO          908    .ARM.Collect$$rtentry$$00000004  c_w.l(__rtentry4.o)
    0x0800025e   0x0800025e   0x00000000   Code   RO          898    .ARM.Collect$$rtentry$$00000009  c_w.l(__rtentry2.o)
    0x0800025e   0x0800025e   0x00000004   Code   RO          899    .ARM.Collect$$rtentry$$0000000A  c_w.l(__rtentry2.o)
    0x08000262   0x08000262   0x00000000   Code   RO          901    .ARM.Collect$$rtentry$$0000000C  c_w.l(__rtentry2.o)
    0x08000262   0x08000262   0x00000008   Code   RO          902    .ARM.Collect$$rtentry$$0000000D  c_w.l(__rtentry2.o)
    0x0800026a   0x0800026a   0x00000002   Code   RO          986    .ARM.Collect$$rtexit$$00000000  c_w.l(rtexit.o)
    0x0800026c   0x0800026c   0x00000000   Code   RO         1037    .ARM.Collect$$rtexit$$00000002  c_w.l(rtexit2.o)
    0x0800026c   0x0800026c   0x00000004   Code   RO         1038    .ARM.Collect$$rtexit$$00000003  c_w.l(rtexit2.o)
    0x08000270   0x08000270   0x00000006   Code   RO         1039    .ARM.Collect$$rtexit$$00000004  c_w.l(rtexit2.o)
    0x08000276   0x08000276   0x00000002   PAD
    0x08000278   0x08000278   0x00000af0   Code   RO            1    .text               main.o
    0x08000d68   0x08000d68   0x0000001a   Code   RO          157    .text               stm32f10x_it.o
    0x08000d82   0x08000d82   0x00000002   PAD
    0x08000d84   0x08000d84   0x000001e0   Code   RO          255    .text               system_stm32f10x.o
    0x08000f64   0x08000f64   0x00000ab8   Code   RO          273    .text               rc522.o
    0x08001a1c   0x08001a1c   0x00004a5c   Code   RO          337    .text               lcd.o
    0x08006478   0x08006478   0x000000c4   Code   RO          367    .text               lock.o
    0x0800653c   0x0800653c   0x00000040   Code   RO          382    .text               sw.o
    0x0800657c   0x0800657c   0x00000284   Code   RO          394    .text               ctiic.o
    0x08006800   0x08006800   0x00000338   Code   RO          409    .text               ft5206.o
    0x08006b38   0x08006b38   0x00000458   Code   RO          438    .text               gt9147.o
    0x08006f90   0x08006f90   0x0000036c   Code   RO          454    .text               ott2001a.o
    0x080072fc   0x080072fc   0x00000fb4   Code   RO          470    .text               touch.o
    0x080082b0   0x080082b0   0x0000017a   Code   RO          500    .text               24cxx.o
    0x0800842a   0x0800842a   0x00000002   PAD
    0x0800842c   0x0800842c   0x0000026c   Code   RO          512    .text               myiic.o
    0x08008698   0x08008698   0x000000d4   Code   RO          524    .text               delay.o
    0x0800876c   0x0800876c   0x00000140   Code   RO          555    .text               usart.o
    0x080088ac   0x080088ac   0x00000040   Code   RO          591    .text               startup_stm32f10x_hd.o
    0x080088ec   0x080088ec   0x000000dc   Code   RO          595    .text               misc.o
    0x080089c8   0x080089c8   0x0000060c   Code   RO          607    .text               stm32f10x_fsmc.o
    0x08008fd4   0x08008fd4   0x0000035c   Code   RO          619    .text               stm32f10x_gpio.o
    0x08009330   0x08009330   0x000003a4   Code   RO          631    .text               stm32f10x_rcc.o
    0x080096d4   0x080096d4   0x00000408   Code   RO          657    .text               stm32f10x_usart.o
    0x08009adc   0x08009adc   0x00000002   Code   RO          683    .text               c_w.l(use_no_semi_2.o)
    0x08009ade   0x08009ade   0x00000002   PAD
    0x08009ae0   0x08009ae0   0x00000024   Code   RO          685    .text               c_w.l(vsprintf.o)
    0x08009b04   0x08009b04   0x00000018   Code   RO          687    .text               c_w.l(__2printf.o)
    0x08009b1c   0x08009b1c   0x0000002c   Code   RO          689    .text               c_w.l(__2sprintf.o)
    0x08009b48   0x08009b48   0x0000004e   Code   RO          697    .text               c_w.l(_printf_pad.o)
    0x08009b96   0x08009b96   0x00000052   Code   RO          699    .text               c_w.l(_printf_str.o)
    0x08009be8   0x08009be8   0x00000078   Code   RO          701    .text               c_w.l(_printf_dec.o)
    0x08009c60   0x08009c60   0x00000094   Code   RO          721    .text               c_w.l(_printf_hex_int_ll_ptr.o)
    0x08009cf4   0x08009cf4   0x00000188   Code   RO          741    .text               c_w.l(__printf_flags_ss_wp.o)
    0x08009e7c   0x08009e7c   0x00000048   Code   RO          749    .text               c_w.l(strcpy.o)
    0x08009ec4   0x08009ec4   0x00000096   Code   RO          751    .text               c_w.l(strncmp.o)
    0x08009f5a   0x08009f5a   0x0000008a   Code   RO          753    .text               c_w.l(rt_memcpy_v6.o)
    0x08009fe4   0x08009fe4   0x00000044   Code   RO          755    .text               c_w.l(rt_memclr.o)
    0x0800a028   0x0800a028   0x00000080   Code   RO          757    .text               c_w.l(strcmpv7m.o)
    0x0800a0a8   0x0800a0a8   0x00000006   Code   RO          759    .text               c_w.l(heapauxi.o)
    0x0800a0ae   0x0800a0ae   0x00000002   Code   RO          821    .text               c_w.l(use_no_semi.o)
    0x0800a0b0   0x0800a0b0   0x00000016   Code   RO          824    .text               c_w.l(_rserrno.o)
    0x0800a0c6   0x0800a0c6   0x00000024   Code   RO          826    .text               c_w.l(_printf_truncate.o)
    0x0800a0ea   0x0800a0ea   0x000000b2   Code   RO          828    .text               c_w.l(_printf_intcommon.o)
    0x0800a19c   0x0800a19c   0x00000028   Code   RO          830    .text               c_w.l(_printf_charcount.o)
    0x0800a1c4   0x0800a1c4   0x00000030   Code   RO          832    .text               c_w.l(_printf_char_common.o)
    0x0800a1f4   0x0800a1f4   0x0000000a   Code   RO          834    .text               c_w.l(_sputc.o)
    0x0800a1fe   0x0800a1fe   0x0000002c   Code   RO          836    .text               c_w.l(_printf_char.o)
    0x0800a22a   0x0800a22a   0x00000002   PAD
    0x0800a22c   0x0800a22c   0x00000024   Code   RO          838    .text               c_w.l(_printf_char_file.o)
    0x0800a250   0x0800a250   0x000000bc   Code   RO          840    .text               c_w.l(_printf_wctomb.o)
    0x0800a30c   0x0800a30c   0x0000007c   Code   RO          843    .text               c_w.l(_printf_longlong_dec.o)
    0x0800a388   0x0800a388   0x00000070   Code   RO          849    .text               c_w.l(_printf_oct_int_ll.o)
    0x0800a3f8   0x0800a3f8   0x00000064   Code   RO          870    .text               c_w.l(rt_memcpy_w.o)
    0x0800a45c   0x0800a45c   0x0000004e   Code   RO          872    .text               c_w.l(rt_memclr_w.o)
    0x0800a4aa   0x0800a4aa   0x00000002   PAD
    0x0800a4ac   0x0800a4ac   0x00000008   Code   RO          913    .text               c_w.l(rt_errno_addr_intlibspace.o)
    0x0800a4b4   0x0800a4b4   0x0000008a   Code   RO          915    .text               c_w.l(lludiv10.o)
    0x0800a53e   0x0800a53e   0x0000041e   Code   RO          917    .text               c_w.l(_printf_fp_dec.o)
    0x0800a95c   0x0800a95c   0x000002fc   Code   RO          919    .text               c_w.l(_printf_fp_hex.o)
    0x0800ac58   0x0800ac58   0x0000002c   Code   RO          924    .text               c_w.l(_printf_wchar.o)
    0x0800ac84   0x0800ac84   0x00000008   Code   RO          926    .text               c_w.l(ferror.o)
    0x0800ac8c   0x0800ac8c   0x00000040   Code   RO          930    .text               c_w.l(_wcrtomb.o)
    0x0800accc   0x0800accc   0x00000008   Code   RO          932    .text               c_w.l(libspace.o)
    0x0800acd4   0x0800acd4   0x0000004a   Code   RO          935    .text               c_w.l(sys_stackheap_outer.o)
    0x0800ad1e   0x0800ad1e   0x00000002   PAD
    0x0800ad20   0x0800ad20   0x00000010   Code   RO          937    .text               c_w.l(rt_ctype_table.o)
    0x0800ad30   0x0800ad30   0x00000008   Code   RO          942    .text               c_w.l(rt_locale_intlibspace.o)
    0x0800ad38   0x0800ad38   0x00000080   Code   RO          944    .text               c_w.l(_printf_fp_infnan.o)
    0x0800adb8   0x0800adb8   0x000000e4   Code   RO          946    .text               c_w.l(bigflt0.o)
    0x0800ae9c   0x0800ae9c   0x00000012   Code   RO          974    .text               c_w.l(exit.o)
    0x0800aeae   0x0800aeae   0x0000003e   Code   RO          949    CL$$btod_d2e        c_w.l(btod.o)
    0x0800aeec   0x0800aeec   0x00000046   Code   RO          951    CL$$btod_d2e_denorm_low  c_w.l(btod.o)
    0x0800af32   0x0800af32   0x00000060   Code   RO          950    CL$$btod_d2e_norm_op1  c_w.l(btod.o)
    0x0800af92   0x0800af92   0x00000338   Code   RO          959    CL$$btod_div_common  c_w.l(btod.o)
    0x0800b2ca   0x0800b2ca   0x000000dc   Code   RO          956    CL$$btod_e2e        c_w.l(btod.o)
    0x0800b3a6   0x0800b3a6   0x0000002a   Code   RO          953    CL$$btod_ediv       c_w.l(btod.o)
    0x0800b3d0   0x0800b3d0   0x0000002a   Code   RO          952    CL$$btod_emul       c_w.l(btod.o)
    0x0800b3fa   0x0800b3fa   0x00000244   Code   RO          958    CL$$btod_mult_common  c_w.l(btod.o)
    0x0800b63e   0x0800b63e   0x00000028   Code   RO          984    i.__ARM_fpclassify  m_ws.l(fpclassify.o)
    0x0800b666   0x0800b666   0x0000000e   Code   RO          734    i._is_digit         c_w.l(__printf_wp.o)
    0x0800b674   0x0800b674   0x0000004c   Code   RO          814    i.sqrt              m_ws.l(sqrt.o)
    0x0800b6c0   0x0800b6c0   0x0000002c   Code   RO          972    locale$$code        c_w.l(lc_numeric_c.o)
    0x0800b6ec   0x0800b6ec   0x0000002c   Code   RO          989    locale$$code        c_w.l(lc_ctype_c.o)
    0x0800b718   0x0800b718   0x00000150   Code   RO          763    x$fpl$dadd          fz_ws.l(daddsub_clz.o)
    0x0800b868   0x0800b868   0x00000018   Code   RO          874    x$fpl$dcmpinf       fz_ws.l(dcmpi.o)
    0x0800b880   0x0800b880   0x0000005a   Code   RO          769    x$fpl$dfixu         fz_ws.l(dfixu.o)
    0x0800b8da   0x0800b8da   0x0000002e   Code   RO          774    x$fpl$dflt          fz_ws.l(dflt_clz.o)
    0x0800b908   0x0800b908   0x00000026   Code   RO          773    x$fpl$dfltu         fz_ws.l(dflt_clz.o)
    0x0800b92e   0x0800b92e   0x00000002   PAD
    0x0800b930   0x0800b930   0x00000078   Code   RO          779    x$fpl$dleqf         fz_ws.l(dleqf.o)
    0x0800b9a8   0x0800b9a8   0x00000154   Code   RO          781    x$fpl$dmul          fz_ws.l(dmul.o)
    0x0800bafc   0x0800bafc   0x0000009c   Code   RO          876    x$fpl$dnaninf       fz_ws.l(dnaninf.o)
    0x0800bb98   0x0800bb98   0x0000000c   Code   RO          878    x$fpl$dretinf       fz_ws.l(dretinf.o)
    0x0800bba4   0x0800bba4   0x0000006c   Code   RO          783    x$fpl$drleqf        fz_ws.l(drleqf.o)
    0x0800bc10   0x0800bc10   0x00000016   Code   RO          764    x$fpl$drsb          fz_ws.l(daddsub_clz.o)
    0x0800bc26   0x0800bc26   0x00000002   PAD
    0x0800bc28   0x0800bc28   0x000001cc   Code   RO          880    x$fpl$dsqrt         fz_ws.l(dsqrt_noumaal.o)
    0x0800bdf4   0x0800bdf4   0x000001d4   Code   RO          765    x$fpl$dsub          fz_ws.l(daddsub_clz.o)
    0x0800bfc8   0x0800bfc8   0x00000056   Code   RO          785    x$fpl$f2d           fz_ws.l(f2d.o)
    0x0800c01e   0x0800c01e   0x00000002   PAD
    0x0800c020   0x0800c020   0x000000c4   Code   RO          787    x$fpl$fadd          fz_ws.l(faddsub_clz.o)
    0x0800c0e4   0x0800c0e4   0x00000184   Code   RO          794    x$fpl$fdiv          fz_ws.l(fdiv.o)
    0x0800c268   0x0800c268   0x00000036   Code   RO          797    x$fpl$ffix          fz_ws.l(ffix.o)
    0x0800c29e   0x0800c29e   0x00000002   PAD
    0x0800c2a0   0x0800c2a0   0x0000003e   Code   RO          801    x$fpl$ffixu         fz_ws.l(ffixu.o)
    0x0800c2de   0x0800c2de   0x00000002   PAD
    0x0800c2e0   0x0800c2e0   0x00000030   Code   RO          806    x$fpl$fflt          fz_ws.l(fflt_clz.o)
    0x0800c310   0x0800c310   0x00000026   Code   RO          805    x$fpl$ffltu         fz_ws.l(fflt_clz.o)
    0x0800c336   0x0800c336   0x00000002   PAD
    0x0800c338   0x0800c338   0x00000102   Code   RO          811    x$fpl$fmul          fz_ws.l(fmul.o)
    0x0800c43a   0x0800c43a   0x0000008c   Code   RO          882    x$fpl$fnaninf       fz_ws.l(fnaninf.o)
    0x0800c4c6   0x0800c4c6   0x0000000a   Code   RO          884    x$fpl$fretinf       fz_ws.l(fretinf.o)
    0x0800c4d0   0x0800c4d0   0x000000ea   Code   RO          789    x$fpl$fsub          fz_ws.l(faddsub_clz.o)
    0x0800c5ba   0x0800c5ba   0x00000004   Code   RO          886    x$fpl$printf1       fz_ws.l(printf1.o)
    0x0800c5be   0x0800c5be   0x00000004   Code   RO          888    x$fpl$printf2       fz_ws.l(printf2.o)
    0x0800c5c2   0x0800c5c2   0x00000000   Code   RO          894    x$fpl$usenofp       fz_ws.l(usenofp.o)
    0x0800c5c2   0x0800c5c2   0x000017c0   Data   RO          339    .constdata          lcd.o
    0x0800dd82   0x0800dd82   0x0000000a   Data   RO          410    .constdata          ft5206.o
    0x0800dd8c   0x0800dd8c   0x000000c2   Data   RO          439    .constdata          gt9147.o
    0x0800de4e   0x0800de4e   0x0000000a   Data   RO          455    .constdata          ott2001a.o
    0x0800de58   0x0800de58   0x00000004   Data   RO          471    .constdata          touch.o
    0x0800de5c   0x0800de5c   0x00000028   Data   RO          722    .constdata          c_w.l(_printf_hex_int_ll_ptr.o)
    0x0800de84   0x0800de84   0x00000011   Data   RO          742    .constdata          c_w.l(__printf_flags_ss_wp.o)
    0x0800de95   0x0800de95   0x00000003   PAD
    0x0800de98   0x0800de98   0x00000008   Data   RO          841    .constdata          c_w.l(_printf_wctomb.o)
    0x0800dea0   0x0800dea0   0x00000026   Data   RO          920    .constdata          c_w.l(_printf_fp_hex.o)
    0x0800dec6   0x0800dec6   0x00000002   PAD
    0x0800dec8   0x0800dec8   0x00000094   Data   RO          947    .constdata          c_w.l(bigflt0.o)
    0x0800df5c   0x0800df5c   0x00000031   Data   RO            4    .conststring        main.o
    0x0800df8d   0x0800df8d   0x00000003   PAD
    0x0800df90   0x0800df90   0x00000079   Data   RO          472    .conststring        touch.o
    0x0800e009   0x0800e009   0x00000003   PAD
    0x0800e00c   0x0800e00c   0x00000020   Data   RO         1109    Region$$Table       anon$$obj.o
    0x0800e02c   0x0800e02c   0x0000001c   Data   RO          971    locale$$data        c_w.l(lc_numeric_c.o)
    0x0800e048   0x0800e048   0x00000110   Data   RO          988    locale$$data        c_w.l(lc_ctype_c.o)


    Execution Region RW_IRAM1 (Exec base: 0x20000000, Load base: 0x0800e158, Size: 0x00000860, Max: 0x00010000, ABSOLUTE)

    Exec Addr    Load Addr    Size         Type   Attr      Idx    E Section Name        Object

    0x20000000   0x0800e158   0x00000044   Data   RW            5    .data               main.o
    0x20000044   0x0800e19c   0x00000014   Data   RW          256    .data               system_stm32f10x.o
    0x20000058   0x0800e1b0   0x0000003e   Data   RW          275    .data               rc522.o
    0x20000096   0x0800e1ee   0x00000004   Data   RW          340    .data               lcd.o
    0x2000009a   0x0800e1f2   0x00000001   Data   RW          368    .data               lock.o
    0x2000009b   0x0800e1f3   0x00000001   Data   RW          411    .data               ft5206.o
    0x2000009c   0x0800e1f4   0x00000001   Data   RW          440    .data               gt9147.o
    0x2000009d   0x0800e1f5   0x00000001   Data   RW          456    .data               ott2001a.o
    0x2000009e   0x0800e1f6   0x00000002   PAD
    0x200000a0   0x0800e1f8   0x00000036   Data   RW          473    .data               touch.o
    0x200000d6   0x0800e22e   0x00000004   Data   RW          525    .data               delay.o
    0x200000da   0x0800e232   0x00000002   PAD
    0x200000dc   0x0800e234   0x00000006   Data   RW          557    .data               usart.o
    0x200000e2   0x0800e23a   0x00000014   Data   RW          632    .data               stm32f10x_rcc.o
    0x200000f6   0x0800e24e   0x00000002   PAD
    0x200000f8        -       0x00000020   Zero   RW            2    .bss                main.o
    0x20000118        -       0x00000010   Zero   RW          274    .bss                rc522.o
    0x20000128        -       0x0000000e   Zero   RW          338    .bss                lcd.o
    0x20000136        -       0x000000c8   Zero   RW          556    .bss                usart.o
    0x200001fe   0x0800e24e   0x00000002   PAD
    0x20000200        -       0x00000060   Zero   RW          933    .bss                c_w.l(libspace.o)
    0x20000260        -       0x00000200   Zero   RW          589    HEAP                startup_stm32f10x_hd.o
    0x20000460        -       0x00000400   Zero   RW          588    STACK               startup_stm32f10x_hd.o


==============================================================================

Image component sizes


      Code (inc. data)   RO Data    RW Data    ZI Data      Debug   Object Name

       378          0          0          0          0       2878   24cxx.o
       644         24          0          0          0       2089   ctiic.o
       212         18          0          4          0       1119   delay.o
       824         38         10          1          0       2655   ft5206.o
      1112         74        194          1          0       3182   gt9147.o
     19036        162       6080          4         14      22438   lcd.o
       196         16          0          1          0       1721   lock.o
      2800        842         49         68         32      19881   main.o
       220         22          0          0          0       1873   misc.o
       620         14          0          0          0       1920   myiic.o
       876         56         10          1          0       2823   ott2001a.o
      2744        222          0         62         16     214022   rc522.o
        64         26        304          0       1536        828   startup_stm32f10x_hd.o
      1548         18          0          0          0       5455   stm32f10x_fsmc.o
       860         38          0          0          0       5809   stm32f10x_gpio.o
        26          0          0          0          0      32446   stm32f10x_it.o
       932         36          0         20          0       9028   stm32f10x_rcc.o
      1032         22          0          0          0       8532   stm32f10x_usart.o
        64          6          0          0          0        655   sw.o
         0          0          0          0          0         32   sys.o
       480         38          0         20          0       1851   system_stm32f10x.o
      4020        222        125         54          0       7001   touch.o
       320         18          0          6        200       3250   usart.o

    ----------------------------------------------------------------------
     39012       1912       6810        248       1800     351488   Object Totals
         0          0         32          0          0          0   (incl. Generated)
         4          0          6          6          2          0   (incl. Padding)

    ----------------------------------------------------------------------

      Code (inc. data)   RO Data    RW Data    ZI Data      Debug   Library Member Name

        24          4          0          0          0         84   __2printf.o
        44          6          0          0          0         84   __2sprintf.o
         8          0          0          0          0         68   __main.o
       392          4         17          0          0         92   __printf_flags_ss_wp.o
        14          0          0          0          0         68   __printf_wp.o
         0          0          0          0          0          0   __rtentry.o
        12          0          0          0          0          0   __rtentry2.o
         6          0          0          0          0          0   __rtentry4.o
        52          8          0          0          0          0   __scatter.o
        26          0          0          0          0          0   __scatter_copy.o
        28          0          0          0          0          0   __scatter_zi.o
         6          0          0          0          0          0   _printf_a.o
         6          0          0          0          0          0   _printf_c.o
        44          0          0          0          0        108   _printf_char.o
        48          6          0          0          0         96   _printf_char_common.o
        36          4          0          0          0         80   _printf_char_file.o
        40          0          0          0          0         68   _printf_charcount.o
         6          0          0          0          0          0   _printf_d.o
       120         16          0          0          0         92   _printf_dec.o
         6          0          0          0          0          0   _printf_e.o
         6          0          0          0          0          0   _printf_f.o
      1054          0          0          0          0        216   _printf_fp_dec.o
       764          8         38          0          0        100   _printf_fp_hex.o
       128         16          0          0          0         84   _printf_fp_infnan.o
         6          0          0          0          0          0   _printf_g.o
       148          4         40          0          0        160   _printf_hex_int_ll_ptr.o
         6          0          0          0          0          0   _printf_i.o
       178          0          0          0          0         88   _printf_intcommon.o
        10          0          0          0          0          0   _printf_l.o
         6          0          0          0          0          0   _printf_lc.o
        10          0          0          0          0          0   _printf_ll.o
         6          0          0          0          0          0   _printf_lld.o
         6          0          0          0          0          0   _printf_lli.o
         6          0          0          0          0          0   _printf_llo.o
         6          0          0          0          0          0   _printf_llu.o
         6          0          0          0          0          0   _printf_llx.o
       124         16          0          0          0         92   _printf_longlong_dec.o
         6          0          0          0          0          0   _printf_ls.o
         6          0          0          0          0          0   _printf_n.o
         6          0          0          0          0          0   _printf_o.o
       112         10          0          0          0        124   _printf_oct_int_ll.o
         6          0          0          0          0          0   _printf_p.o
        78          0          0          0          0        108   _printf_pad.o
         0          0          0          0          0          0   _printf_percent.o
         4          0          0          0          0          0   _printf_percent_end.o
         6          0          0          0          0          0   _printf_s.o
        82          0          0          0          0         80   _printf_str.o
        36          0          0          0          0         84   _printf_truncate.o
         6          0          0          0          0          0   _printf_u.o
        44          0          0          0          0        108   _printf_wchar.o
       188          6          8          0          0         92   _printf_wctomb.o
         6          0          0          0          0          0   _printf_x.o
        22          0          0          0          0        100   _rserrno.o
        10          0          0          0          0         68   _sputc.o
        64          0          0          0          0         92   _wcrtomb.o
       228          4        148          0          0         96   bigflt0.o
      1936        128          0          0          0        672   btod.o
        18          0          0          0          0         80   exit.o
         8          0          0          0          0         68   ferror.o
         6          0          0          0          0        152   heapauxi.o
        44         10        272          0          0         76   lc_ctype_c.o
        44         10         28          0          0         76   lc_numeric_c.o
         2          0          0          0          0          0   libinit.o
        30          0          0          0          0          0   libinit2.o
         2          0          0          0          0          0   libshutdown.o
         2          0          0          0          0          0   libshutdown2.o
         8          4          0          0         96         68   libspace.o
       138          0          0          0          0         80   lludiv10.o
        16          4          0          0          0         76   rt_ctype_table.o
         8          4          0          0          0         68   rt_errno_addr_intlibspace.o
         8          4          0          0          0         68   rt_locale_intlibspace.o
        68          0          0          0          0         68   rt_memclr.o
        78          0          0          0          0         80   rt_memclr_w.o
       138          0          0          0          0         68   rt_memcpy_v6.o
       100          0          0          0          0         80   rt_memcpy_w.o
         2          0          0          0          0          0   rtexit.o
        10          0          0          0          0          0   rtexit2.o
       128          0          0          0          0         68   strcmpv7m.o
        72          0          0          0          0         80   strcpy.o
       150          0          0          0          0         80   strncmp.o
        74          0          0          0          0         80   sys_stackheap_outer.o
         2          0          0          0          0         68   use_no_semi.o
         2          0          0          0          0         68   use_no_semi_2.o
        36          4          0          0          0         76   vsprintf.o
       826         16          0          0          0        348   daddsub_clz.o
        24          0          0          0          0         68   dcmpi.o
        90          4          0          0          0         92   dfixu.o
        84          0          0          0          0        136   dflt_clz.o
       120          4          0          0          0         92   dleqf.o
       340         12          0          0          0        104   dmul.o
       156          4          0          0          0         92   dnaninf.o
        12          0          0          0          0         68   dretinf.o
       108          0          0          0          0         80   drleqf.o
       460         56          0          0          0        120   dsqrt_noumaal.o
        86          4          0          0          0         84   f2d.o
       430          8          0          0          0        168   faddsub_clz.o
       388         76          0          0          0         96   fdiv.o
        54          4          0          0          0         84   ffix.o
        62          4          0          0          0         84   ffixu.o
        86          0          0          0          0        136   fflt_clz.o
       258          4          0          0          0         84   fmul.o
       140          4          0          0          0         84   fnaninf.o
        10          0          0          0          0         68   fretinf.o
         4          0          0          0          0         68   printf1.o
         4          0          0          0          0         68   printf2.o
         0          0          0          0          0          0   usenofp.o
        40          0          0          0          0         68   fpclassify.o
        76          0          0          0          0         84   sqrt.o

    ----------------------------------------------------------------------
     11310        480        556          0         96       7208   Library Totals
        24          0          5          0          0          0   (incl. Padding)

    ----------------------------------------------------------------------

      Code (inc. data)   RO Data    RW Data    ZI Data      Debug   Library Name

      7428        280        551          0         96       4832   c_w.l
      3742        200          0          0          0       2224   fz_ws.l
       116          0          0          0          0        152   m_ws.l

    ----------------------------------------------------------------------
     11310        480        556          0         96       7208   Library Totals

    ----------------------------------------------------------------------

==============================================================================


      Code (inc. data)   RO Data    RW Data    ZI Data      Debug   

     50322       2392       7366        248       1896     352920   Grand Totals
     50322       2392       7366        248       1896     352920   ELF Image Totals
     50322       2392       7366        248          0          0   ROM Totals

==============================================================================

    Total RO  Size (Code + RO Data)                57688 (  56.34kB)
    Total RW  Size (RW Data + ZI Data)              2144 (   2.09kB)
    Total ROM Size (Code + RO Data + RW Data)      57936 (  56.58kB)

==============================================================================

